<html>
<body>
<pre>
<h1>礦ision Build Log</h1>
<h2>Project:</h2>
C:\Users\Administrator\Desktop\新建文件夹\STM32_RFID&OLED\USER\Template.uvproj
Project File Date:  05/10/2017

<h2>Output:</h2>
Rebuild target 'OLED'
compiling main.c...
main.c(18): warning:  #1295-D: Deprecated declaration findcard - give arg types
main.c(189): warning:  #223-D: function "OLED_DLY_ms" declared implicitly
main.c(205): warning:  #111-D: statement is unreachable
main.c(218): warning:  #111-D: statement is unreachable
main.c(231): warning:  #111-D: statement is unreachable
main.c(244): warning:  #111-D: statement is unreachable
compiling stm32f10x_it.c...
compiling system_stm32f10x.c...
compiling delay.c...
compiling sys.c...
compiling usart.c...
compiling core_cm3.c...
assembling startup_stm32f10x_hd.s...
compiling misc.c...
compiling stm32f10x_adc.c...
compiling stm32f10x_bkp.c...
compiling stm32f10x_can.c...
compiling stm32f10x_cec.c...
compiling stm32f10x_crc.c...
compiling stm32f10x_dac.c...
compiling stm32f10x_dbgmcu.c...
compiling stm32f10x_dma.c...
compiling stm32f10x_exti.c...
compiling stm32f10x_flash.c...
compiling stm32f10x_fsmc.c...
compiling stm32f10x_gpio.c...
compiling stm32f10x_i2c.c...
compiling stm32f10x_iwdg.c...
compiling stm32f10x_pwr.c...
compiling stm32f10x_rcc.c...
compiling stm32f10x_rtc.c...
compiling stm32f10x_sdio.c...
compiling stm32f10x_spi.c...
compiling stm32f10x_tim.c...
compiling stm32f10x_usart.c...
compiling stm32f10x_wwdg.c...
compiling oled.c...
compiling RC522.C...
linking...
Program Size: Code=6296 RO-data=4188 RW-data=96 ZI-data=1928  
FromELF: creating hex file...
"..\OBJ\Template.axf" - 0 Error(s), 6 Warning(s).
Rebuild target 'OLED'
compiling main.c...
main.c(18): warning:  #1295-D: Deprecated declaration findcard - give arg types
main.c(106): warning:  #177-D: variable "rfidflag" was declared but never referenced
main.c(107): warning:  #177-D: variable "discnt" was declared but never referenced
main.c(174): warning:  #111-D: statement is unreachable
main.c(187): warning:  #111-D: statement is unreachable
main.c(200): warning:  #111-D: statement is unreachable
main.c(213): warning:  #111-D: statement is unreachable
compiling stm32f10x_it.c...
compiling system_stm32f10x.c...
compiling delay.c...
compiling sys.c...
compiling usart.c...
compiling core_cm3.c...
assembling startup_stm32f10x_hd.s...
compiling misc.c...
compiling stm32f10x_adc.c...
compiling stm32f10x_bkp.c...
compiling stm32f10x_can.c...
compiling stm32f10x_cec.c...
compiling stm32f10x_crc.c...
compiling stm32f10x_dac.c...
compiling stm32f10x_dbgmcu.c...
compiling stm32f10x_dma.c...
compiling stm32f10x_exti.c...
compiling stm32f10x_flash.c...
compiling stm32f10x_fsmc.c...
compiling stm32f10x_gpio.c...
compiling stm32f10x_i2c.c...
compiling stm32f10x_iwdg.c...
compiling stm32f10x_pwr.c...
compiling stm32f10x_rcc.c...
compiling stm32f10x_rtc.c...
compiling stm32f10x_sdio.c...
compiling stm32f10x_spi.c...
compiling stm32f10x_tim.c...
compiling stm32f10x_usart.c...
compiling stm32f10x_wwdg.c...
compiling oled.c...
compiling RC522.C...
linking...
Program Size: Code=5784 RO-data=4188 RW-data=96 ZI-data=1928  
FromELF: creating hex file...
"..\OBJ\Template.axf" - 0 Error(s), 7 Warning(s).
Rebuild target 'OLED'
compiling main.c...
main.c(18): warning:  #1295-D: Deprecated declaration findcard - give arg types
main.c(106): warning:  #177-D: variable "rfidflag" was declared but never referenced
main.c(107): warning:  #177-D: variable "discnt" was declared but never referenced
main.c(174): warning:  #111-D: statement is unreachable
main.c(187): warning:  #111-D: statement is unreachable
main.c(200): warning:  #111-D: statement is unreachable
main.c(213): warning:  #111-D: statement is unreachable
compiling stm32f10x_it.c...
compiling system_stm32f10x.c...
compiling delay.c...
compiling sys.c...
compiling usart.c...
compiling core_cm3.c...
assembling startup_stm32f10x_hd.s...
compiling misc.c...
compiling stm32f10x_adc.c...
compiling stm32f10x_bkp.c...
compiling stm32f10x_can.c...
compiling stm32f10x_cec.c...
compiling stm32f10x_crc.c...
compiling stm32f10x_dac.c...
compiling stm32f10x_dbgmcu.c...
compiling stm32f10x_dma.c...
compiling stm32f10x_exti.c...
compiling stm32f10x_flash.c...
compiling stm32f10x_fsmc.c...
compiling stm32f10x_gpio.c...
compiling stm32f10x_i2c.c...
compiling stm32f10x_iwdg.c...
compiling stm32f10x_pwr.c...
compiling stm32f10x_rcc.c...
compiling stm32f10x_rtc.c...
compiling stm32f10x_sdio.c...
compiling stm32f10x_spi.c...
compiling stm32f10x_tim.c...
compiling stm32f10x_usart.c...
compiling stm32f10x_wwdg.c...
compiling oled.c...
compiling RC522.C...
linking...
Program Size: Code=5784 RO-data=4188 RW-data=96 ZI-data=1928  
FromELF: creating hex file...
"..\OBJ\Template.axf" - 0 Error(s), 7 Warning(s).
Rebuild target 'OLED'
compiling main.c...
main.c(18): warning:  #1295-D: Deprecated declaration findcard - give arg types
main.c(106): warning:  #177-D: variable "rfidflag" was declared but never referenced
main.c(107): warning:  #177-D: variable "discnt" was declared but never referenced
main.c(174): warning:  #111-D: statement is unreachable
main.c(187): warning:  #111-D: statement is unreachable
main.c(200): warning:  #111-D: statement is unreachable
main.c(213): warning:  #111-D: statement is unreachable
compiling stm32f10x_it.c...
compiling system_stm32f10x.c...
compiling delay.c...
compiling sys.c...
compiling usart.c...
compiling core_cm3.c...
assembling startup_stm32f10x_hd.s...
compiling misc.c...
compiling stm32f10x_adc.c...
compiling stm32f10x_bkp.c...
compiling stm32f10x_can.c...
compiling stm32f10x_cec.c...
compiling stm32f10x_crc.c...
compiling stm32f10x_dac.c...
compiling stm32f10x_dbgmcu.c...
compiling stm32f10x_dma.c...
compiling stm32f10x_exti.c...
compiling stm32f10x_flash.c...
compiling stm32f10x_fsmc.c...
compiling stm32f10x_gpio.c...
compiling stm32f10x_i2c.c...
compiling stm32f10x_iwdg.c...
compiling stm32f10x_pwr.c...
compiling stm32f10x_rcc.c...
compiling stm32f10x_rtc.c...
compiling stm32f10x_sdio.c...
compiling stm32f10x_spi.c...
compiling stm32f10x_tim.c...
compiling stm32f10x_usart.c...
compiling stm32f10x_wwdg.c...
compiling oled.c...
compiling RC522.C...
linking...
Program Size: Code=5784 RO-data=4188 RW-data=96 ZI-data=1928  
FromELF: creating hex file...
"..\OBJ\Template.axf" - 0 Error(s), 7 Warning(s).
Load "..\\OBJ\\Template.AXF" 
Erase Done.
Programming Done.
Verify OK.
Application running ...
Rebuild target 'OLED'
compiling main.c...
main.c(18): warning:  #1295-D: Deprecated declaration findcard - give arg types
main.c(112): warning:  #223-D: function "OLED_Init" declared implicitly
main.c(106): warning:  #177-D: variable "rfidflag" was declared but never referenced
main.c(107): warning:  #177-D: variable "discnt" was declared but never referenced
main.c(174): warning:  #111-D: statement is unreachable
main.c(187): warning:  #111-D: statement is unreachable
main.c(200): warning:  #111-D: statement is unreachable
main.c(213): warning:  #111-D: statement is unreachable
compiling stm32f10x_it.c...
compiling system_stm32f10x.c...
compiling delay.c...
compiling sys.c...
compiling usart.c...
compiling core_cm3.c...
assembling startup_stm32f10x_hd.s...
compiling misc.c...
compiling stm32f10x_adc.c...
compiling stm32f10x_bkp.c...
compiling stm32f10x_can.c...
compiling stm32f10x_cec.c...
compiling stm32f10x_crc.c...
compiling stm32f10x_dac.c...
compiling stm32f10x_dbgmcu.c...
compiling stm32f10x_dma.c...
compiling stm32f10x_exti.c...
compiling stm32f10x_flash.c...
compiling stm32f10x_fsmc.c...
compiling stm32f10x_gpio.c...
compiling stm32f10x_i2c.c...
compiling stm32f10x_iwdg.c...
compiling stm32f10x_pwr.c...
compiling stm32f10x_rcc.c...
compiling stm32f10x_rtc.c...
compiling stm32f10x_sdio.c...
compiling stm32f10x_spi.c...
compiling stm32f10x_tim.c...
compiling stm32f10x_usart.c...
compiling stm32f10x_wwdg.c...
compiling oled.c...
compiling RC522.C...
linking...
Program Size: Code=5416 RO-data=336 RW-data=96 ZI-data=1928  
FromELF: creating hex file...
"..\OBJ\Template.axf" - 0 Error(s), 8 Warning(s).
Rebuild target 'OLED'
compiling main.c...
main.c(18): warning:  #1295-D: Deprecated declaration findcard - give arg types
main.c(106): warning:  #177-D: variable "rfidflag" was declared but never referenced
main.c(107): warning:  #177-D: variable "discnt" was declared but never referenced
main.c(174): warning:  #111-D: statement is unreachable
main.c(187): warning:  #111-D: statement is unreachable
main.c(200): warning:  #111-D: statement is unreachable
main.c(213): warning:  #111-D: statement is unreachable
compiling stm32f10x_it.c...
compiling system_stm32f10x.c...
compiling delay.c...
compiling sys.c...
compiling usart.c...
compiling core_cm3.c...
assembling startup_stm32f10x_hd.s...
compiling misc.c...
compiling stm32f10x_adc.c...
compiling stm32f10x_bkp.c...
compiling stm32f10x_can.c...
compiling stm32f10x_cec.c...
compiling stm32f10x_crc.c...
compiling stm32f10x_dac.c...
compiling stm32f10x_dbgmcu.c...
compiling stm32f10x_dma.c...
compiling stm32f10x_exti.c...
compiling stm32f10x_flash.c...
compiling stm32f10x_fsmc.c...
compiling stm32f10x_gpio.c...
compiling stm32f10x_i2c.c...
compiling stm32f10x_iwdg.c...
compiling stm32f10x_pwr.c...
compiling stm32f10x_rcc.c...
compiling stm32f10x_rtc.c...
compiling stm32f10x_sdio.c...
compiling stm32f10x_spi.c...
compiling stm32f10x_tim.c...
compiling stm32f10x_usart.c...
compiling stm32f10x_wwdg.c...
compiling oled.c...
compiling RC522.C...
linking...
Program Size: Code=4732 RO-data=336 RW-data=96 ZI-data=1928  
FromELF: creating hex file...
"..\OBJ\Template.axf" - 0 Error(s), 7 Warning(s).
Load "..\\OBJ\\Template.AXF" 
Erase Done.
Programming Done.
Verify OK.
Application running ...
Rebuild target 'OLED'
compiling main.c...
main.c(18): warning:  #1295-D: Deprecated declaration findcard - give arg types
main.c(106): warning:  #177-D: variable "rfidflag" was declared but never referenced
main.c(107): warning:  #177-D: variable "discnt" was declared but never referenced
main.c(174): warning:  #111-D: statement is unreachable
main.c(187): warning:  #111-D: statement is unreachable
main.c(200): warning:  #111-D: statement is unreachable
main.c(213): warning:  #111-D: statement is unreachable
compiling stm32f10x_it.c...
compiling system_stm32f10x.c...
compiling delay.c...
compiling sys.c...
compiling usart.c...
..\SYSTEM\usart\usart.c(132): error:  #247: function "fputc" has already been defined
..\SYSTEM\usart\usart.c(135): error:  #20: identifier "DEBUG_USARTx" is undefined
..\SYSTEM\usart\usart.c(147): error:  #20: identifier "DEBUG_USARTx" is undefined
compiling core_cm3.c...
assembling startup_stm32f10x_hd.s...
compiling misc.c...
compiling stm32f10x_adc.c...
compiling stm32f10x_bkp.c...
compiling stm32f10x_can.c...
compiling stm32f10x_cec.c...
compiling stm32f10x_crc.c...
compiling stm32f10x_dac.c...
compiling stm32f10x_dbgmcu.c...
compiling stm32f10x_dma.c...
compiling stm32f10x_exti.c...
compiling stm32f10x_flash.c...
compiling stm32f10x_fsmc.c...
compiling stm32f10x_gpio.c...
compiling stm32f10x_i2c.c...
compiling stm32f10x_iwdg.c...
compiling stm32f10x_pwr.c...
compiling stm32f10x_rcc.c...
compiling stm32f10x_rtc.c...
compiling stm32f10x_sdio.c...
compiling stm32f10x_spi.c...
compiling stm32f10x_tim.c...
compiling stm32f10x_usart.c...
compiling stm32f10x_wwdg.c...
compiling oled.c...
compiling RC522.C...
Target not created
Rebuild target 'OLED'
compiling main.c...
main.c(18): warning:  #1295-D: Deprecated declaration findcard - give arg types
main.c(106): warning:  #177-D: variable "rfidflag" was declared but never referenced
main.c(107): warning:  #177-D: variable "discnt" was declared but never referenced
main.c(174): warning:  #111-D: statement is unreachable
main.c(187): warning:  #111-D: statement is unreachable
main.c(200): warning:  #111-D: statement is unreachable
main.c(213): warning:  #111-D: statement is unreachable
compiling stm32f10x_it.c...
compiling system_stm32f10x.c...
compiling delay.c...
compiling sys.c...
compiling usart.c...
..\SYSTEM\usart\usart.c(70): warning:  #223-D: function "DEBUG_USART_GPIO_APBxClkCmd" declared implicitly
..\SYSTEM\usart\usart.c(70): error:  #20: identifier "DEBUG_USART_GPIO_CLK" is undefined
..\SYSTEM\usart\usart.c(72): error:  #20: identifier "DEBUG_USART_TX_GPIO_PIN" is undefined
..\SYSTEM\usart\usart.c(75): error:  #20: identifier "DEBUG_USART_TX_GPIO_PORT" is undefined
..\SYSTEM\usart\usart.c(78): error:  #20: identifier "DEBUG_USART_RX_GPIO_PIN" is undefined
..\SYSTEM\usart\usart.c(80): error:  #20: identifier "DEBUG_USART_RX_GPIO_PORT" is undefined
..\SYSTEM\usart\usart.c(84): warning:  #223-D: function "DEBUG_USART_APBxClkCmd" declared implicitly
..\SYSTEM\usart\usart.c(84): error:  #20: identifier "DEBUG_USART_CLK" is undefined
..\SYSTEM\usart\usart.c(87): error:  #20: identifier "DEBUG_USART_BAUDRATE" is undefined
..\SYSTEM\usart\usart.c(99): error:  #20: identifier "DEBUG_USARTx" is undefined
..\SYSTEM\usart\usart.c(116): error:  #268: declaration may not appear after executable statement in block
..\SYSTEM\usart\usart.c(116): error:  #67: expected a "}"
..\SYSTEM\usart\usart.c(143): error:  #247: function "fputc" has already been defined
..\SYSTEM\usart\usart.c(146): error:  #20: identifier "DEBUG_USARTx" is undefined
..\SYSTEM\usart\usart.c(158): error:  #20: identifier "DEBUG_USARTx" is undefined
compiling core_cm3.c...
assembling startup_stm32f10x_hd.s...
compiling misc.c...
compiling stm32f10x_adc.c...
compiling stm32f10x_bkp.c...
compiling stm32f10x_can.c...
compiling stm32f10x_cec.c...
compiling stm32f10x_crc.c...
compiling stm32f10x_dac.c...
compiling stm32f10x_dbgmcu.c...
compiling stm32f10x_dma.c...
compiling stm32f10x_exti.c...
compiling stm32f10x_flash.c...
compiling stm32f10x_fsmc.c...
compiling stm32f10x_gpio.c...
compiling stm32f10x_i2c.c...
compiling stm32f10x_iwdg.c...
compiling stm32f10x_pwr.c...
compiling stm32f10x_rcc.c...
compiling stm32f10x_rtc.c...
compiling stm32f10x_sdio.c...
compiling stm32f10x_spi.c...
compiling stm32f10x_tim.c...
compiling stm32f10x_usart.c...
compiling stm32f10x_wwdg.c...
compiling oled.c...
compiling RC522.C...
Target not created
Rebuild target 'OLED'
compiling main.c...
main.c(18): warning:  #1295-D: Deprecated declaration findcard - give arg types
main.c(106): warning:  #177-D: variable "rfidflag" was declared but never referenced
main.c(107): warning:  #177-D: variable "discnt" was declared but never referenced
main.c(174): warning:  #111-D: statement is unreachable
main.c(187): warning:  #111-D: statement is unreachable
main.c(200): warning:  #111-D: statement is unreachable
main.c(213): warning:  #111-D: statement is unreachable
compiling stm32f10x_it.c...
compiling system_stm32f10x.c...
compiling delay.c...
compiling sys.c...
compiling usart.c...
compiling core_cm3.c...
assembling startup_stm32f10x_hd.s...
compiling misc.c...
compiling stm32f10x_adc.c...
compiling stm32f10x_bkp.c...
compiling stm32f10x_can.c...
compiling stm32f10x_cec.c...
compiling stm32f10x_crc.c...
compiling stm32f10x_dac.c...
compiling stm32f10x_dbgmcu.c...
compiling stm32f10x_dma.c...
compiling stm32f10x_exti.c...
compiling stm32f10x_flash.c...
compiling stm32f10x_fsmc.c...
compiling stm32f10x_gpio.c...
compiling stm32f10x_i2c.c...
compiling stm32f10x_iwdg.c...
compiling stm32f10x_pwr.c...
compiling stm32f10x_rcc.c...
compiling stm32f10x_rtc.c...
compiling stm32f10x_sdio.c...
compiling stm32f10x_spi.c...
compiling stm32f10x_tim.c...
compiling stm32f10x_usart.c...
compiling stm32f10x_wwdg.c...
compiling oled.c...
compiling RC522.C...
linking...
Program Size: Code=4732 RO-data=336 RW-data=96 ZI-data=1928  
FromELF: creating hex file...
"..\OBJ\Template.axf" - 0 Error(s), 7 Warning(s).
Load "..\\OBJ\\Template.AXF" 
Erase Done.
Programming Done.
Verify OK.
Application running ...
Rebuild target 'OLED'
compiling main.c...
main.c(18): warning:  #1295-D: Deprecated declaration findcard - give arg types
main.c(106): warning:  #177-D: variable "rfidflag" was declared but never referenced
main.c(107): warning:  #177-D: variable "discnt" was declared but never referenced
main.c(174): warning:  #111-D: statement is unreachable
main.c(187): warning:  #111-D: statement is unreachable
main.c(200): warning:  #111-D: statement is unreachable
main.c(213): warning:  #111-D: statement is unreachable
compiling stm32f10x_it.c...
compiling system_stm32f10x.c...
compiling delay.c...
compiling sys.c...
compiling usart.c...
compiling core_cm3.c...
assembling startup_stm32f10x_hd.s...
compiling misc.c...
compiling stm32f10x_adc.c...
compiling stm32f10x_bkp.c...
compiling stm32f10x_can.c...
compiling stm32f10x_cec.c...
compiling stm32f10x_crc.c...
compiling stm32f10x_dac.c...
compiling stm32f10x_dbgmcu.c...
compiling stm32f10x_dma.c...
compiling stm32f10x_exti.c...
compiling stm32f10x_flash.c...
compiling stm32f10x_fsmc.c...
compiling stm32f10x_gpio.c...
compiling stm32f10x_i2c.c...
compiling stm32f10x_iwdg.c...
compiling stm32f10x_pwr.c...
compiling stm32f10x_rcc.c...
compiling stm32f10x_rtc.c...
compiling stm32f10x_sdio.c...
compiling stm32f10x_spi.c...
compiling stm32f10x_tim.c...
compiling stm32f10x_usart.c...
compiling stm32f10x_wwdg.c...
compiling oled.c...
compiling RC522.C...
linking...
Program Size: Code=4732 RO-data=336 RW-data=96 ZI-data=1928  
FromELF: creating hex file...
"..\OBJ\Template.axf" - 0 Error(s), 7 Warning(s).
Load "..\\OBJ\\Template.AXF" 
Erase Done.
Programming Done.
Verify OK.
Application running ...
Load "..\\OBJ\\Template.AXF" 
Erase Done.
Programming Done.
Verify OK.
Application running ...
Build target 'OLED'
compiling main.c...
main.c(18): warning:  #1295-D: Deprecated declaration findcard - give arg types
main.c(106): warning:  #177-D: variable "rfidflag" was declared but never referenced
main.c(107): warning:  #177-D: variable "discnt" was declared but never referenced
main.c(174): warning:  #111-D: statement is unreachable
main.c(187): warning:  #111-D: statement is unreachable
main.c(200): warning:  #111-D: statement is unreachable
main.c(213): warning:  #111-D: statement is unreachable
linking...
Program Size: Code=4736 RO-data=336 RW-data=96 ZI-data=1928  
FromELF: creating hex file...
"..\OBJ\Template.axf" - 0 Error(s), 7 Warning(s).
Load "..\\OBJ\\Template.AXF" 
Erase Done.
Programming Done.
Verify OK.
Application running ...
Load "..\\OBJ\\Template.AXF" 
Erase Done.
Programming Done.
Verify OK.
Application running ...
Rebuild target 'OLED'
compiling main.c...
main.c(18): warning:  #1295-D: Deprecated declaration findcard - give arg types
main.c(106): warning:  #177-D: variable "rfidflag" was declared but never referenced
main.c(107): warning:  #177-D: variable "discnt" was declared but never referenced
main.c(174): warning:  #111-D: statement is unreachable
main.c(187): warning:  #111-D: statement is unreachable
main.c(200): warning:  #111-D: statement is unreachable
main.c(213): warning:  #111-D: statement is unreachable
compiling stm32f10x_it.c...
compiling system_stm32f10x.c...
compiling delay.c...
compiling sys.c...
compiling usart.c...
compiling core_cm3.c...
assembling startup_stm32f10x_hd.s...
compiling misc.c...
compiling stm32f10x_adc.c...
compiling stm32f10x_bkp.c...
compiling stm32f10x_can.c...
compiling stm32f10x_cec.c...
compiling stm32f10x_crc.c...
compiling stm32f10x_dac.c...
compiling stm32f10x_dbgmcu.c...
compiling stm32f10x_dma.c...
compiling stm32f10x_exti.c...
compiling stm32f10x_flash.c...
compiling stm32f10x_fsmc.c...
compiling stm32f10x_gpio.c...
compiling stm32f10x_i2c.c...
compiling stm32f10x_iwdg.c...
compiling stm32f10x_pwr.c...
compiling stm32f10x_rcc.c...
compiling stm32f10x_rtc.c...
compiling stm32f10x_sdio.c...
compiling stm32f10x_spi.c...
compiling stm32f10x_tim.c...
compiling stm32f10x_usart.c...
compiling stm32f10x_wwdg.c...
compiling oled.c...
compiling RC522.C...
linking...
Program Size: Code=4736 RO-data=336 RW-data=96 ZI-data=1928  
FromELF: creating hex file...
"..\OBJ\Template.axf" - 0 Error(s), 7 Warning(s).
Load "..\\OBJ\\Template.AXF" 
Erase Done.
Programming Done.
Verify OK.
Application running ...
Build target 'OLED'
compiling main.c...
main.c(18): warning:  #1295-D: Deprecated declaration findcard - give arg types
main.c(106): warning:  #177-D: variable "rfidflag" was declared but never referenced
main.c(107): warning:  #177-D: variable "discnt" was declared but never referenced
main.c(174): warning:  #111-D: statement is unreachable
main.c(187): warning:  #111-D: statement is unreachable
main.c(200): warning:  #111-D: statement is unreachable
main.c(213): warning:  #111-D: statement is unreachable
linking...
Program Size: Code=4732 RO-data=336 RW-data=96 ZI-data=1928  
FromELF: creating hex file...
"..\OBJ\Template.axf" - 0 Error(s), 7 Warning(s).
Load "..\\OBJ\\Template.AXF" 
Erase Done.
Programming Done.
Verify OK.
Application running ...
Build target 'OLED'
compiling main.c...
main.c(18): warning:  #1295-D: Deprecated declaration findcard - give arg types
main.c(106): warning:  #177-D: variable "rfidflag" was declared but never referenced
main.c(107): warning:  #177-D: variable "discnt" was declared but never referenced
main.c(174): warning:  #111-D: statement is unreachable
main.c(187): warning:  #111-D: statement is unreachable
main.c(200): warning:  #111-D: statement is unreachable
main.c(213): warning:  #111-D: statement is unreachable
linking...
Program Size: Code=4736 RO-data=336 RW-data=96 ZI-data=1928  
FromELF: creating hex file...
"..\OBJ\Template.axf" - 0 Error(s), 7 Warning(s).
Load "..\\OBJ\\Template.AXF" 
Erase Done.
Programming Done.
Verify OK.
Application running ...
Rebuild target 'OLED'
compiling main.c...
main.c(18): warning:  #1295-D: Deprecated declaration findcard - give arg types
main.c(106): warning:  #177-D: variable "rfidflag" was declared but never referenced
main.c(107): warning:  #177-D: variable "discnt" was declared but never referenced
main.c(174): warning:  #111-D: statement is unreachable
main.c(187): warning:  #111-D: statement is unreachable
main.c(200): warning:  #111-D: statement is unreachable
main.c(213): warning:  #111-D: statement is unreachable
compiling stm32f10x_it.c...
compiling system_stm32f10x.c...
compiling delay.c...
compiling sys.c...
compiling usart.c...
compiling core_cm3.c...
assembling startup_stm32f10x_hd.s...
compiling misc.c...
compiling stm32f10x_adc.c...
compiling stm32f10x_bkp.c...
compiling stm32f10x_can.c...
compiling stm32f10x_cec.c...
compiling stm32f10x_crc.c...
compiling stm32f10x_dac.c...
compiling stm32f10x_dbgmcu.c...
compiling stm32f10x_dma.c...
compiling stm32f10x_exti.c...
compiling stm32f10x_flash.c...
compiling stm32f10x_fsmc.c...
compiling stm32f10x_gpio.c...
compiling stm32f10x_i2c.c...
compiling stm32f10x_iwdg.c...
compiling stm32f10x_pwr.c...
compiling stm32f10x_rcc.c...
compiling stm32f10x_rtc.c...
compiling stm32f10x_sdio.c...
compiling stm32f10x_spi.c...
compiling stm32f10x_tim.c...
compiling stm32f10x_usart.c...
compiling stm32f10x_wwdg.c...
compiling oled.c...
compiling RC522.C...
linking...
Program Size: Code=4736 RO-data=336 RW-data=96 ZI-data=1928  
FromELF: creating hex file...
"..\OBJ\Template.axf" - 0 Error(s), 7 Warning(s).
Load "..\\OBJ\\Template.AXF" 
Erase Done.
Programming Done.
Verify OK.
Application running ...
compiling main.c...
main.c(18): warning:  #1295-D: Deprecated declaration findcard - give arg types
main.c(106): warning:  #177-D: variable "rfidflag" was declared but never referenced
main.c(107): warning:  #177-D: variable "discnt" was declared but never referenced
main.c(174): warning:  #111-D: statement is unreachable
main.c(187): warning:  #111-D: statement is unreachable
main.c(200): warning:  #111-D: statement is unreachable
main.c(213): warning:  #111-D: statement is unreachable
main.c - 0 Error(s), 7 Warning(s).
Build target 'OLED'
linking...
Program Size: Code=4740 RO-data=336 RW-data=96 ZI-data=1928  
FromELF: creating hex file...
"..\OBJ\Template.axf" - 0 Error(s), 0 Warning(s).
Build target 'OLED'
linking...
Program Size: Code=4740 RO-data=336 RW-data=96 ZI-data=1928  
FromELF: creating hex file...
"..\OBJ\Template.axf" - 0 Error(s), 0 Warning(s).
Rebuild target 'OLED'
compiling main.c...
main.c(18): warning:  #1295-D: Deprecated declaration findcard - give arg types
main.c(106): warning:  #177-D: variable "rfidflag" was declared but never referenced
main.c(107): warning:  #177-D: variable "discnt" was declared but never referenced
main.c(174): warning:  #111-D: statement is unreachable
main.c(187): warning:  #111-D: statement is unreachable
main.c(200): warning:  #111-D: statement is unreachable
main.c(213): warning:  #111-D: statement is unreachable
compiling stm32f10x_it.c...
compiling system_stm32f10x.c...
compiling delay.c...
compiling sys.c...
compiling usart.c...
compiling core_cm3.c...
assembling startup_stm32f10x_hd.s...
compiling misc.c...
compiling stm32f10x_adc.c...
compiling stm32f10x_bkp.c...
compiling stm32f10x_can.c...
compiling stm32f10x_cec.c...
compiling stm32f10x_crc.c...
compiling stm32f10x_dac.c...
compiling stm32f10x_dbgmcu.c...
compiling stm32f10x_dma.c...
compiling stm32f10x_exti.c...
compiling stm32f10x_flash.c...
compiling stm32f10x_fsmc.c...
compiling stm32f10x_gpio.c...
compiling stm32f10x_i2c.c...
compiling stm32f10x_iwdg.c...
compiling stm32f10x_pwr.c...
compiling stm32f10x_rcc.c...
compiling stm32f10x_rtc.c...
compiling stm32f10x_sdio.c...
compiling stm32f10x_spi.c...
compiling stm32f10x_tim.c...
compiling stm32f10x_usart.c...
compiling stm32f10x_wwdg.c...
compiling oled.c...
compiling RC522.C...
linking...
Program Size: Code=4740 RO-data=336 RW-data=96 ZI-data=1928  
FromELF: creating hex file...
"..\OBJ\Template.axf" - 0 Error(s), 7 Warning(s).
Load "..\\OBJ\\Template.AXF" 
Erase Done.
Programming Done.
Verify OK.
Application running ...
Build target 'OLED'
compiling main.c...
main.c(18): warning:  #1295-D: Deprecated declaration findcard - give arg types
main.c(106): warning:  #177-D: variable "rfidflag" was declared but never referenced
main.c(107): warning:  #177-D: variable "discnt" was declared but never referenced
main.c(173): warning:  #111-D: statement is unreachable
main.c(186): warning:  #111-D: statement is unreachable
main.c(199): warning:  #111-D: statement is unreachable
main.c(212): warning:  #111-D: statement is unreachable
linking...
Program Size: Code=4732 RO-data=336 RW-data=96 ZI-data=1928  
FromELF: creating hex file...
"..\OBJ\Template.axf" - 0 Error(s), 7 Warning(s).
Load "..\\OBJ\\Template.AXF" 
Erase Done.
Programming Done.
Verify OK.
Application running ...
Rebuild target 'OLED'
compiling main.c...
main.c(18): warning:  #1295-D: Deprecated declaration findcard - give arg types
main.c(106): warning:  #177-D: variable "rfidflag" was declared but never referenced
main.c(107): warning:  #177-D: variable "discnt" was declared but never referenced
main.c(173): warning:  #111-D: statement is unreachable
main.c(186): warning:  #111-D: statement is unreachable
main.c(199): warning:  #111-D: statement is unreachable
main.c(212): warning:  #111-D: statement is unreachable
compiling stm32f10x_it.c...
compiling system_stm32f10x.c...
compiling delay.c...
compiling sys.c...
compiling usart.c...
compiling core_cm3.c...
assembling startup_stm32f10x_hd.s...
compiling misc.c...
compiling stm32f10x_adc.c...
compiling stm32f10x_bkp.c...
compiling stm32f10x_can.c...
compiling stm32f10x_cec.c...
compiling stm32f10x_crc.c...
compiling stm32f10x_dac.c...
compiling stm32f10x_dbgmcu.c...
compiling stm32f10x_dma.c...
compiling stm32f10x_exti.c...
compiling stm32f10x_flash.c...
compiling stm32f10x_fsmc.c...
compiling stm32f10x_gpio.c...
compiling stm32f10x_i2c.c...
compiling stm32f10x_iwdg.c...
compiling stm32f10x_pwr.c...
compiling stm32f10x_rcc.c...
compiling stm32f10x_rtc.c...
compiling stm32f10x_sdio.c...
compiling stm32f10x_spi.c...
compiling stm32f10x_tim.c...
compiling stm32f10x_usart.c...
compiling stm32f10x_wwdg.c...
compiling oled.c...
compiling RC522.C...
linking...
Program Size: Code=4732 RO-data=336 RW-data=96 ZI-data=1928  
FromELF: creating hex file...
"..\OBJ\Template.axf" - 0 Error(s), 7 Warning(s).
Build target 'OLED'
compiling main.c...
main.c(18): warning:  #1295-D: Deprecated declaration findcard - give arg types
main.c(106): warning:  #177-D: variable "rfidflag" was declared but never referenced
main.c(107): warning:  #177-D: variable "discnt" was declared but never referenced
main.c(174): warning:  #111-D: statement is unreachable
main.c(187): warning:  #111-D: statement is unreachable
main.c(200): warning:  #111-D: statement is unreachable
main.c(213): warning:  #111-D: statement is unreachable
linking...
Program Size: Code=4732 RO-data=336 RW-data=96 ZI-data=1928  
FromELF: creating hex file...
"..\OBJ\Template.axf" - 0 Error(s), 7 Warning(s).
Load "..\\OBJ\\Template.AXF" 
Erase Done.
Programming Done.
Verify OK.
Application running ...
Build target 'OLED'
compiling main.c...
main.c(18): warning:  #1295-D: Deprecated declaration findcard - give arg types
main.c(106): warning:  #177-D: variable "rfidflag" was declared but never referenced
main.c(107): warning:  #177-D: variable "discnt" was declared but never referenced
main.c(174): warning:  #111-D: statement is unreachable
main.c(187): warning:  #111-D: statement is unreachable
main.c(200): warning:  #111-D: statement is unreachable
main.c(213): warning:  #111-D: statement is unreachable
linking...
Program Size: Code=4732 RO-data=336 RW-data=96 ZI-data=1928  
FromELF: creating hex file...
"..\OBJ\Template.axf" - 0 Error(s), 7 Warning(s).
Load "..\\OBJ\\Template.AXF" 
Erase Done.
Programming Done.
Verify OK.
Application running ...
Build target 'OLED'
compiling main.c...
main.c(9): error:  #147: declaration is incompatible with "unsigned char card1[5]" (declared at line 8)
main.c(19): warning:  #1295-D: Deprecated declaration findcard - give arg types
main.c(107): warning:  #177-D: variable "rfidflag" was declared but never referenced
main.c(108): warning:  #177-D: variable "discnt" was declared but never referenced
main.c(166): warning:  #1293-D: assignment in condition
main.c(175): warning:  #111-D: statement is unreachable
main.c(188): warning:  #111-D: statement is unreachable
main.c(201): warning:  #111-D: statement is unreachable
main.c(214): warning:  #111-D: statement is unreachable
Target not created
Build target 'OLED'
compiling main.c...
main.c(9): error:  #147: declaration is incompatible with "unsigned char card1[5]" (declared at line 8)
main.c(19): warning:  #1295-D: Deprecated declaration findcard - give arg types
main.c(107): warning:  #177-D: variable "rfidflag" was declared but never referenced
main.c(108): warning:  #177-D: variable "discnt" was declared but never referenced
main.c(166): warning:  #1293-D: assignment in condition
main.c(174): warning:  #111-D: statement is unreachable
main.c(187): warning:  #111-D: statement is unreachable
main.c(200): warning:  #111-D: statement is unreachable
main.c(213): warning:  #111-D: statement is unreachable
Target not created
Build target 'OLED'
compiling main.c...
main.c(19): warning:  #1295-D: Deprecated declaration findcard - give arg types
main.c(107): warning:  #177-D: variable "rfidflag" was declared but never referenced
main.c(108): warning:  #177-D: variable "discnt" was declared but never referenced
main.c(166): warning:  #1293-D: assignment in condition
main.c(174): warning:  #111-D: statement is unreachable
main.c(187): warning:  #111-D: statement is unreachable
main.c(200): warning:  #111-D: statement is unreachable
main.c(213): warning:  #111-D: statement is unreachable
linking...
Program Size: Code=4732 RO-data=336 RW-data=100 ZI-data=1932  
FromELF: creating hex file...
"..\OBJ\Template.axf" - 0 Error(s), 8 Warning(s).
Build target 'OLED'
compiling main.c...
main.c(19): warning:  #1295-D: Deprecated declaration findcard - give arg types
main.c(107): warning:  #177-D: variable "rfidflag" was declared but never referenced
main.c(108): warning:  #177-D: variable "discnt" was declared but never referenced
main.c(166): warning:  #1293-D: assignment in condition
main.c(175): warning:  #111-D: statement is unreachable
main.c(188): warning:  #111-D: statement is unreachable
main.c(201): warning:  #111-D: statement is unreachable
main.c(214): warning:  #111-D: statement is unreachable
linking...
Program Size: Code=4732 RO-data=336 RW-data=100 ZI-data=1932  
FromELF: creating hex file...
"..\OBJ\Template.axf" - 0 Error(s), 8 Warning(s).
Load "..\\OBJ\\Template.AXF" 
Erase Done.
Programming Done.
Verify OK.
Application running ...
Build target 'OLED'
compiling main.c...
main.c(18): warning:  #1295-D: Deprecated declaration findcard - give arg types
main.c(106): warning:  #177-D: variable "rfidflag" was declared but never referenced
main.c(107): warning:  #177-D: variable "discnt" was declared but never referenced
main.c(173): warning:  #111-D: statement is unreachable
main.c(186): warning:  #111-D: statement is unreachable
main.c(199): warning:  #111-D: statement is unreachable
main.c(212): warning:  #111-D: statement is unreachable
linking...
Program Size: Code=4732 RO-data=336 RW-data=96 ZI-data=1928  
FromELF: creating hex file...
"..\OBJ\Template.axf" - 0 Error(s), 7 Warning(s).
Build target 'OLED'
linking...
Program Size: Code=4732 RO-data=336 RW-data=96 ZI-data=1928  
FromELF: creating hex file...
"..\OBJ\Template.axf" - 0 Error(s), 0 Warning(s).
Rebuild target 'OLED'
compiling main.c...
main.c(18): warning:  #1295-D: Deprecated declaration findcard - give arg types
main.c(106): warning:  #177-D: variable "rfidflag" was declared but never referenced
main.c(107): warning:  #177-D: variable "discnt" was declared but never referenced
main.c(173): warning:  #111-D: statement is unreachable
main.c(186): warning:  #111-D: statement is unreachable
main.c(199): warning:  #111-D: statement is unreachable
main.c(212): warning:  #111-D: statement is unreachable
compiling stm32f10x_it.c...
compiling system_stm32f10x.c...
compiling delay.c...
compiling sys.c...
compiling usart.c...
compiling core_cm3.c...
assembling startup_stm32f10x_hd.s...
compiling misc.c...
compiling stm32f10x_adc.c...
compiling stm32f10x_bkp.c...
compiling stm32f10x_can.c...
compiling stm32f10x_cec.c...
compiling stm32f10x_crc.c...
compiling stm32f10x_dac.c...
compiling stm32f10x_dbgmcu.c...
compiling stm32f10x_dma.c...
compiling stm32f10x_exti.c...
compiling stm32f10x_flash.c...
compiling stm32f10x_fsmc.c...
compiling stm32f10x_gpio.c...
compiling stm32f10x_i2c.c...
compiling stm32f10x_iwdg.c...
compiling stm32f10x_pwr.c...
compiling stm32f10x_rcc.c...
compiling stm32f10x_rtc.c...
compiling stm32f10x_sdio.c...
compiling stm32f10x_spi.c...
compiling stm32f10x_tim.c...
compiling stm32f10x_usart.c...
compiling stm32f10x_wwdg.c...
compiling oled.c...
compiling RC522.C...
linking...
Program Size: Code=4732 RO-data=336 RW-data=96 ZI-data=1928  
FromELF: creating hex file...
"..\OBJ\Template.axf" - 0 Error(s), 7 Warning(s).
Build target 'OLED'
compiling main.c...
main.c(18): warning:  #1295-D: Deprecated declaration findcard - give arg types
main.c(106): warning:  #177-D: variable "rfidflag" was declared but never referenced
main.c(107): warning:  #177-D: variable "discnt" was declared but never referenced
main.c(174): warning:  #111-D: statement is unreachable
main.c(187): warning:  #111-D: statement is unreachable
main.c(200): warning:  #111-D: statement is unreachable
main.c(213): warning:  #111-D: statement is unreachable
linking...
Program Size: Code=4732 RO-data=336 RW-data=96 ZI-data=1928  
FromELF: creating hex file...
"..\OBJ\Template.axf" - 0 Error(s), 7 Warning(s).
Load "..\\OBJ\\Template.AXF" 
Erase Done.
Programming Done.
Verify OK.
Application running ...
Build target 'OLED'
compiling main.c...
main.c(18): warning:  #1295-D: Deprecated declaration findcard - give arg types
main.c(106): warning:  #177-D: variable "rfidflag" was declared but never referenced
main.c(107): warning:  #177-D: variable "discnt" was declared but never referenced
main.c(173): warning:  #111-D: statement is unreachable
main.c(186): warning:  #111-D: statement is unreachable
main.c(199): warning:  #111-D: statement is unreachable
main.c(212): warning:  #111-D: statement is unreachable
linking...
Program Size: Code=5004 RO-data=336 RW-data=96 ZI-data=1928  
FromELF: creating hex file...
"..\OBJ\Template.axf" - 0 Error(s), 7 Warning(s).
Load "..\\OBJ\\Template.AXF" 
Erase Done.
Programming Done.
Verify OK.
Application running ...
Build target 'OLED'
compiling main.c...
main.c(18): warning:  #1295-D: Deprecated declaration findcard - give arg types
main.c(106): warning:  #177-D: variable "rfidflag" was declared but never referenced
main.c(107): warning:  #177-D: variable "discnt" was declared but never referenced
main.c(173): warning:  #111-D: statement is unreachable
main.c(186): warning:  #111-D: statement is unreachable
main.c(199): warning:  #111-D: statement is unreachable
main.c(212): warning:  #111-D: statement is unreachable
linking...
Program Size: Code=4728 RO-data=336 RW-data=96 ZI-data=1928  
FromELF: creating hex file...
"..\OBJ\Template.axf" - 0 Error(s), 7 Warning(s).
Load "..\\OBJ\\Template.AXF" 
Erase Done.
Programming Done.
Verify OK.
Application running ...
Build target 'OLED'
compiling main.c...
main.c(18): warning:  #1295-D: Deprecated declaration findcard - give arg types
main.c(106): warning:  #177-D: variable "rfidflag" was declared but never referenced
main.c(107): warning:  #177-D: variable "discnt" was declared but never referenced
main.c(173): warning:  #111-D: statement is unreachable
main.c(186): warning:  #111-D: statement is unreachable
main.c(199): warning:  #111-D: statement is unreachable
main.c(212): warning:  #111-D: statement is unreachable
linking...
Program Size: Code=4728 RO-data=336 RW-data=96 ZI-data=1928  
FromELF: creating hex file...
"..\OBJ\Template.axf" - 0 Error(s), 7 Warning(s).
Load "..\\OBJ\\Template.AXF" 
Erase Done.
Programming Done.
Verify OK.
Application running ...
Build target 'OLED'
compiling main.c...
main.c(18): warning:  #1295-D: Deprecated declaration findcard - give arg types
main.c(106): warning:  #177-D: variable "rfidflag" was declared but never referenced
main.c(107): warning:  #177-D: variable "discnt" was declared but never referenced
main.c(173): warning:  #111-D: statement is unreachable
main.c(186): warning:  #111-D: statement is unreachable
main.c(199): warning:  #111-D: statement is unreachable
main.c(212): warning:  #111-D: statement is unreachable
linking...
Program Size: Code=4732 RO-data=336 RW-data=96 ZI-data=1928  
FromELF: creating hex file...
"..\OBJ\Template.axf" - 0 Error(s), 7 Warning(s).
Load "..\\OBJ\\Template.AXF" 
Erase Done.
Programming Done.
Verify OK.
Application running ...
Build target 'OLED'
linking...
Program Size: Code=4732 RO-data=336 RW-data=96 ZI-data=1928  
FromELF: creating hex file...
"..\OBJ\Template.axf" - 0 Error(s), 0 Warning(s).
Load "..\\OBJ\\Template.AXF" 
Erase Done.
Programming Done.
Verify OK.
Application running ...
Build target 'OLED'
compiling main.c...
main.c(18): warning:  #1295-D: Deprecated declaration findcard - give arg types
main.c(106): warning:  #177-D: variable "rfidflag" was declared but never referenced
main.c(107): warning:  #177-D: variable "discnt" was declared but never referenced
main.c(173): warning:  #111-D: statement is unreachable
main.c(186): warning:  #111-D: statement is unreachable
main.c(199): warning:  #111-D: statement is unreachable
main.c(212): warning:  #111-D: statement is unreachable
linking...
Program Size: Code=4728 RO-data=336 RW-data=96 ZI-data=1928  
FromELF: creating hex file...
"..\OBJ\Template.axf" - 0 Error(s), 7 Warning(s).
Load "..\\OBJ\\Template.AXF" 
Erase Done.
Programming Done.
Verify OK.
Application running ...
Build target 'OLED'
compiling main.c...
main.c(18): warning:  #1295-D: Deprecated declaration findcard - give arg types
main.c(106): warning:  #177-D: variable "rfidflag" was declared but never referenced
main.c(107): warning:  #177-D: variable "discnt" was declared but never referenced
main.c(173): warning:  #111-D: statement is unreachable
main.c(186): warning:  #111-D: statement is unreachable
main.c(199): warning:  #111-D: statement is unreachable
main.c(212): warning:  #111-D: statement is unreachable
linking...
Program Size: Code=4728 RO-data=336 RW-data=96 ZI-data=1928  
FromELF: creating hex file...
"..\OBJ\Template.axf" - 0 Error(s), 7 Warning(s).
Load "..\\OBJ\\Template.AXF" 
Erase Done.
Programming Done.
Verify OK.
Application running ...
Build target 'OLED'
compiling main.c...
main.c(18): warning:  #1295-D: Deprecated declaration findcard - give arg types
main.c(106): warning:  #177-D: variable "rfidflag" was declared but never referenced
main.c(107): warning:  #177-D: variable "discnt" was declared but never referenced
main.c(173): warning:  #111-D: statement is unreachable
main.c(186): warning:  #111-D: statement is unreachable
main.c(199): warning:  #111-D: statement is unreachable
main.c(212): warning:  #111-D: statement is unreachable
linking...
Program Size: Code=4728 RO-data=336 RW-data=96 ZI-data=1928  
FromELF: creating hex file...
"..\OBJ\Template.axf" - 0 Error(s), 7 Warning(s).
Load "..\\OBJ\\Template.AXF" 
Erase Done.
Programming Done.
Verify OK.
Application running ...
Build target 'OLED'
compiling main.c...
main.c(8): error:  #67: expected a "}"
main.c(19): warning:  #1295-D: Deprecated declaration findcard - give arg types
main.c(107): warning:  #177-D: variable "rfidflag" was declared but never referenced
main.c(108): warning:  #177-D: variable "discnt" was declared but never referenced
main.c(174): warning:  #111-D: statement is unreachable
main.c(187): warning:  #111-D: statement is unreachable
main.c(200): warning:  #111-D: statement is unreachable
main.c(213): warning:  #111-D: statement is unreachable
Target not created
Build target 'OLED'
compiling main.c...
main.c(19): warning:  #1295-D: Deprecated declaration findcard - give arg types
main.c(107): warning:  #177-D: variable "rfidflag" was declared but never referenced
main.c(108): warning:  #177-D: variable "discnt" was declared but never referenced
main.c(166): error:  #20: identifier "card1" is undefined
main.c(174): warning:  #111-D: statement is unreachable
main.c(187): warning:  #111-D: statement is unreachable
main.c(200): warning:  #111-D: statement is unreachable
main.c(213): warning:  #111-D: statement is unreachable
Target not created
Build target 'OLED'
compiling main.c...
main.c(19): warning:  #1295-D: Deprecated declaration findcard - give arg types
main.c(107): warning:  #177-D: variable "rfidflag" was declared but never referenced
main.c(108): warning:  #177-D: variable "discnt" was declared but never referenced
main.c(174): warning:  #111-D: statement is unreachable
main.c(187): warning:  #111-D: statement is unreachable
main.c(200): warning:  #111-D: statement is unreachable
main.c(213): warning:  #111-D: statement is unreachable
linking...
Program Size: Code=4728 RO-data=336 RW-data=96 ZI-data=1928  
FromELF: creating hex file...
"..\OBJ\Template.axf" - 0 Error(s), 7 Warning(s).
Build target 'OLED'
compiling main.c...
main.c(19): warning:  #1295-D: Deprecated declaration findcard - give arg types
main.c(107): warning:  #177-D: variable "rfidflag" was declared but never referenced
main.c(108): warning:  #177-D: variable "discnt" was declared but never referenced
main.c(174): warning:  #111-D: statement is unreachable
main.c(187): warning:  #111-D: statement is unreachable
main.c(200): warning:  #111-D: statement is unreachable
main.c(213): warning:  #111-D: statement is unreachable
linking...
Program Size: Code=4728 RO-data=336 RW-data=100 ZI-data=1932  
FromELF: creating hex file...
"..\OBJ\Template.axf" - 0 Error(s), 7 Warning(s).
Build target 'OLED'
compiling main.c...
main.c(19): warning:  #1295-D: Deprecated declaration findcard - give arg types
main.c(107): warning:  #177-D: variable "rfidflag" was declared but never referenced
main.c(108): warning:  #177-D: variable "discnt" was declared but never referenced
main.c(166): warning:  #1293-D: assignment in condition
main.c(175): warning:  #111-D: statement is unreachable
main.c(188): warning:  #111-D: statement is unreachable
main.c(201): warning:  #111-D: statement is unreachable
main.c(214): warning:  #111-D: statement is unreachable
linking...
Program Size: Code=4728 RO-data=336 RW-data=100 ZI-data=1932  
FromELF: creating hex file...
"..\OBJ\Template.axf" - 0 Error(s), 8 Warning(s).
Load "..\\OBJ\\Template.AXF" 
Erase Done.
Programming Done.
Verify OK.
Application running ...
Build target 'OLED'
compiling main.c...
main.c(19): warning:  #1295-D: Deprecated declaration findcard - give arg types
main.c(107): warning:  #177-D: variable "rfidflag" was declared but never referenced
main.c(108): warning:  #177-D: variable "discnt" was declared but never referenced
main.c(166): warning:  #1293-D: assignment in condition
main.c(175): warning:  #111-D: statement is unreachable
main.c(188): warning:  #111-D: statement is unreachable
main.c(201): warning:  #111-D: statement is unreachable
main.c(214): warning:  #111-D: statement is unreachable
linking...
Program Size: Code=4728 RO-data=336 RW-data=100 ZI-data=1932  
FromELF: creating hex file...
"..\OBJ\Template.axf" - 0 Error(s), 8 Warning(s).
Load "..\\OBJ\\Template.AXF" 
Erase Done.
Programming Done.
Verify OK.
Application running ...
Build target 'OLED'
compiling main.c...
main.c(19): warning:  #1295-D: Deprecated declaration findcard - give arg types
main.c(107): warning:  #177-D: variable "rfidflag" was declared but never referenced
main.c(108): warning:  #177-D: variable "discnt" was declared but never referenced
main.c(166): warning:  #1293-D: assignment in condition
main.c(175): warning:  #111-D: statement is unreachable
main.c(188): warning:  #111-D: statement is unreachable
main.c(201): warning:  #111-D: statement is unreachable
main.c(214): warning:  #111-D: statement is unreachable
linking...
Program Size: Code=5016 RO-data=336 RW-data=100 ZI-data=1932  
FromELF: creating hex file...
"..\OBJ\Template.axf" - 0 Error(s), 8 Warning(s).
Load "..\\OBJ\\Template.AXF" 
Erase Done.
Programming Done.
Verify OK.
Application running ...
