<html>
<body>
<pre>
<h1>µVision Build Log</h1>
<h2>Tool Versions:</h2>
IDE-Version: ¦ÌVision V5.25.3.0
Copyright (C) 2018 ARM Ltd and ARM Germany GmbH. All rights reserved.
License Information: Li JunkYu, guet, LIC=CZLX7-E1WA3-UGC7Q-NA518-CULXN-794AH
 
Tool Versions:
Toolchain:       MDK-ARM Plus  Version: 5.26.2.0
Toolchain Path:  D:\Software\Keil_v5\ARM\ARMCC\Bin
C Compiler:      Armcc.exe V5.06 update 6 (build 750)
Assembler:       Armasm.exe V5.06 update 6 (build 750)
Linker/Locator:  ArmLink.exe V5.06 update 6 (build 750)
Library Manager: ArmAr.exe V5.06 update 6 (build 750)
Hex Converter:   FromElf.exe V5.06 update 6 (build 750)
CPU DLL:         SARMCM3.DLL V5.26.2.0
Dialog DLL:      DCM.DLL V1.17.2.0
Target DLL:      STLink\ST-LINKIII-KEIL_SWO.dll V3.0.5.0
Dialog DLL:      TCM.DLL V1.36.1.0
 
<h2>Project:</h2>
E:\Code\EMB\ÏÂÎ»»ú\project\pro.uvprojx
Project File Date:  12/30/2019

<h2>Output:</h2>
*** Using Compiler 'V5.06 update 6 (build 750)', folder: 'D:\Software\Keil_v5\ARM\ARMCC\Bin'
Build target 'Target 1'
compiling main.c...
USER\main.c(58): warning:  #1295-D: Deprecated declaration findcard - give arg types
  void findcard();
USER\main.c(217): warning:  #111-D: statement is unreachable
  	return 0;
USER\main.c(157): warning:  #177-D: variable "buf1"  was declared but never referenced
  	u8 buf1[20];
USER\main.c(159): warning:  #177-D: variable "rfidflag"  was declared but never referenced
  	unsigned char rfidflag;
USER\main.c(160): warning:  #177-D: variable "discnt"  was declared but never referenced
  	unsigned char discnt;
USER\main.c(236): warning:  #111-D: statement is unreachable
  	      break; 
USER\main.c(251): warning:  #111-D: statement is unreachable
  	 	     break; 
USER\main.c(265): warning:  #111-D: statement is unreachable
  	 	     break; 
USER\main.c(278): warning:  #111-D: statement is unreachable
  	 	     break; 
USER\main.c: 9 warnings, 0 errors
linking...
Program Size: Code=4532 RO-data=6884 RW-data=36 ZI-data=1652  
FromELF: creating hex file...
".\Objects\STM32-FD-FLASHLED.axf" - 0 Error(s), 9 Warning(s).

<h2>Software Packages used:</h2>

Package Vendor: Keil
                http://www.keil.com/pack/Keil.STM32F1xx_DFP.2.3.0.pack
                Keil.STM32F1xx_DFP.2.3.0
                STMicroelectronics STM32F1 Series Device Support, Drivers and Examples

<h2>Collection of Component include folders:</h2>
  .\RTE\_Target_1
  D:\Software\Keil_v5\ARM\PACK\Keil\STM32F1xx_DFP\2.3.0\Device\Include

<h2>Collection of Component Files used:</h2>
Build Time Elapsed:  00:00:02
</pre>
</body>
</html>
