Component: ARM Compiler 5.06 update 6 (build 750) Tool: armlink [4d35ed]

==============================================================================

Section Cross References

    main.o(i.GPIO_ini) refers to stm32f10x_rcc.o(i.RCC_APB2PeriphClockCmd) for RCC_APB2PeriphClockCmd
    main.o(i.GPIO_ini) refers to stm32f10x_gpio.o(i.GPIO_Init) for GPIO_Init
    main.o(i.InitializeSystem) refers to stm32f10x_gpio.o(i.GPIO_ResetBits) for GPIO_ResetBits
    main.o(i.InitializeSystem) refers to rc522.o(i.delay_10ms) for delay_10ms
    main.o(i.InitializeSystem) refers to rc522.o(i.PcdReset) for PcdReset
    main.o(i.InitializeSystem) refers to rc522.o(i.PcdAntennaOff) for PcdAntennaOff
    main.o(i.InitializeSystem) refers to rc522.o(i.PcdAntennaOn) for PcdAntennaOn
    main.o(i.InitializeSystem) refers to rc522.o(i.M500PcdConfigISOType) for M500PcdConfigISOType
    main.o(i.InitializeSystem) refers to stm32f10x_gpio.o(i.GPIO_SetBits) for GPIO_SetBits
    main.o(i.findcard) refers to stm32f10x_gpio.o(i.GPIO_ResetBits) for GPIO_ResetBits
    main.o(i.findcard) refers to main.o(.data) for .data
    main.o(i.initL) refers to system_stm32f10x.o(i.SystemInit) for SystemInit
    main.o(i.initL) refers to delay.o(i.delay_init) for delay_init
    main.o(i.initL) refers to lcd_driver.o(i.Lcd_Init) for Lcd_Init
    main.o(i.initL) refers to lcd_driver.o(i.Lcd_Clear) for Lcd_Clear
    main.o(i.initL) refers to gui.o(i.Gui_DrawFont_GBK16) for Gui_DrawFont_GBK16
    main.o(i.initL) refers to delay.o(i.delay_ms) for delay_ms
    main.o(i.main) refers to _printf_percent.o(.ARM.Collect$$_printf_percent$$00000000) for _printf_percent
    main.o(i.main) refers to _printf_s.o(.ARM.Collect$$_printf_percent$$00000014) for _printf_s
    main.o(i.main) refers to _printf_str.o(.text) for _printf_str
    main.o(i.main) refers to main.o(i.GPIO_ini) for GPIO_ini
    main.o(i.main) refers to main.o(i.InitializeSystem) for InitializeSystem
    main.o(i.main) refers to main.o(i.initL) for initL
    main.o(i.main) refers to rc522.o(i.PcdRequest) for PcdRequest
    main.o(i.main) refers to rc522.o(i.PcdAnticoll) for PcdAnticoll
    main.o(i.main) refers to rc522.o(i.PcdSelect) for PcdSelect
    main.o(i.main) refers to rc522.o(i.PcdAuthState) for PcdAuthState
    main.o(i.main) refers to stm32f10x_gpio.o(i.GPIO_SetBits) for GPIO_SetBits
    main.o(i.main) refers to rc522.o(i.PcdRead) for PcdRead
    main.o(i.main) refers to main.o(i.findcard) for findcard
    main.o(i.main) refers to noretval__2printf.o(.text) for __2printf
    main.o(i.main) refers to gui.o(i.Gui_DrawFont_GBK16) for Gui_DrawFont_GBK16
    main.o(i.main) refers to rc522.o(i.WaitCardOff) for WaitCardOff
    main.o(i.main) refers to stm32f10x_gpio.o(i.GPIO_ResetBits) for GPIO_ResetBits
    main.o(i.main) refers to main.o(.data) for .data
    main.o(i.main) refers to main.o(.bss) for .bss
    delay.o(i.delay_init) refers to delay.o(.data) for .data
    delay.o(i.delay_ms) refers to delay.o(.data) for .data
    delay.o(i.delay_us) refers to delay.o(.data) for .data
    gui.o(i.DisplayButtonDown) refers to gui.o(i.Gui_DrawLine) for Gui_DrawLine
    gui.o(i.DisplayButtonUp) refers to gui.o(i.Gui_DrawLine) for Gui_DrawLine
    gui.o(i.Gui_Circle) refers to lcd_driver.o(i.Gui_DrawPoint) for Gui_DrawPoint
    gui.o(i.Gui_DrawFont_GBK16) refers to lcd_driver.o(i.Gui_DrawPoint) for Gui_DrawPoint
    gui.o(i.Gui_DrawFont_GBK16) refers to gui.o(.constdata) for .constdata
    gui.o(i.Gui_DrawFont_GBK24) refers to lcd_driver.o(i.Gui_DrawPoint) for Gui_DrawPoint
    gui.o(i.Gui_DrawFont_GBK24) refers to gui.o(.constdata) for .constdata
    gui.o(i.Gui_DrawFont_Num32) refers to lcd_driver.o(i.Gui_DrawPoint) for Gui_DrawPoint
    gui.o(i.Gui_DrawFont_Num32) refers to gui.o(.constdata) for .constdata
    gui.o(i.Gui_DrawLine) refers to lcd_driver.o(i.Lcd_SetXY) for Lcd_SetXY
    gui.o(i.Gui_DrawLine) refers to lcd_driver.o(i.Gui_DrawPoint) for Gui_DrawPoint
    gui.o(i.Gui_box) refers to gui.o(i.Gui_DrawLine) for Gui_DrawLine
    gui.o(i.Gui_box2) refers to gui.o(i.Gui_DrawLine) for Gui_DrawLine
    lcd_driver.o(i.Gui_DrawPoint) refers to lcd_driver.o(i.Lcd_SetRegion) for Lcd_SetRegion
    lcd_driver.o(i.Gui_DrawPoint) refers to lcd_driver.o(i.LCD_WriteData_16Bit) for LCD_WriteData_16Bit
    lcd_driver.o(i.LCD_GPIO_Init) refers to stm32f10x_rcc.o(i.RCC_APB2PeriphClockCmd) for RCC_APB2PeriphClockCmd
    lcd_driver.o(i.LCD_GPIO_Init) refers to stm32f10x_gpio.o(i.GPIO_Init) for GPIO_Init
    lcd_driver.o(i.LCD_WriteData_16Bit) refers to lcd_driver.o(i.SPI_WriteData) for SPI_WriteData
    lcd_driver.o(i.Lcd_Clear) refers to lcd_driver.o(i.Lcd_SetRegion) for Lcd_SetRegion
    lcd_driver.o(i.Lcd_Clear) refers to lcd_driver.o(i.Lcd_WriteIndex) for Lcd_WriteIndex
    lcd_driver.o(i.Lcd_Clear) refers to lcd_driver.o(i.LCD_WriteData_16Bit) for LCD_WriteData_16Bit
    lcd_driver.o(i.Lcd_Init) refers to lcd_driver.o(i.LCD_GPIO_Init) for LCD_GPIO_Init
[...]
    Removing stm32f10x_tim.o(i.TIM_SelectOutputTrigger), (16 bytes).
    Removing stm32f10x_tim.o(i.TIM_SelectSlaveMode), (16 bytes).
    Removing stm32f10x_tim.o(i.TIM_SetAutoreload), (4 bytes).
    Removing stm32f10x_tim.o(i.TIM_SetClockDivision), (16 bytes).
    Removing stm32f10x_tim.o(i.TIM_SetCompare1), (4 bytes).
    Removing stm32f10x_tim.o(i.TIM_SetCompare2), (4 bytes).
    Removing stm32f10x_tim.o(i.TIM_SetCompare3), (4 bytes).
    Removing stm32f10x_tim.o(i.TIM_SetCompare4), (6 bytes).
    Removing stm32f10x_tim.o(i.TIM_SetCounter), (4 bytes).
    Removing stm32f10x_tim.o(i.TIM_SetIC1Prescaler), (16 bytes).
    Removing stm32f10x_tim.o(i.TIM_SetIC2Prescaler), (24 bytes).
    Removing stm32f10x_tim.o(i.TIM_SetIC3Prescaler), (16 bytes).
    Removing stm32f10x_tim.o(i.TIM_SetIC4Prescaler), (24 bytes).
    Removing stm32f10x_tim.o(i.TIM_TIxExternalClockConfig), (46 bytes).
    Removing stm32f10x_tim.o(i.TIM_TimeBaseInit), (156 bytes).
    Removing stm32f10x_tim.o(i.TIM_TimeBaseStructInit), (18 bytes).
    Removing stm32f10x_tim.o(i.TIM_UpdateDisableConfig), (20 bytes).
    Removing stm32f10x_tim.o(i.TIM_UpdateRequestConfig), (20 bytes).
    Removing stm32f10x_usart.o(i.USART_ClearFlag), (6 bytes).
    Removing stm32f10x_usart.o(i.USART_ClearITPendingBit), (12 bytes).
    Removing stm32f10x_usart.o(i.USART_ClockInit), (30 bytes).
    Removing stm32f10x_usart.o(i.USART_ClockStructInit), (12 bytes).
    Removing stm32f10x_usart.o(i.USART_Cmd), (20 bytes).
    Removing stm32f10x_usart.o(i.USART_DMACmd), (16 bytes).
    Removing stm32f10x_usart.o(i.USART_DeInit), (116 bytes).
    Removing stm32f10x_usart.o(i.USART_GetFlagStatus), (14 bytes).
    Removing stm32f10x_usart.o(i.USART_GetITStatus), (62 bytes).
    Removing stm32f10x_usart.o(i.USART_HalfDuplexCmd), (20 bytes).
    Removing stm32f10x_usart.o(i.USART_ITConfig), (48 bytes).
    Removing stm32f10x_usart.o(i.USART_Init), (172 bytes).
    Removing stm32f10x_usart.o(i.USART_IrDACmd), (20 bytes).
    Removing stm32f10x_usart.o(i.USART_IrDAConfig), (16 bytes).
    Removing stm32f10x_usart.o(i.USART_LINBreakDetectLengthConfig), (16 bytes).
    Removing stm32f10x_usart.o(i.USART_LINCmd), (20 bytes).
    Removing stm32f10x_usart.o(i.USART_OneBitMethodCmd), (20 bytes).
    Removing stm32f10x_usart.o(i.USART_OverSampling8Cmd), (20 bytes).
    Removing stm32f10x_usart.o(i.USART_ReceiveData), (8 bytes).
    Removing stm32f10x_usart.o(i.USART_ReceiverWakeUpCmd), (20 bytes).
    Removing stm32f10x_usart.o(i.USART_SendBreak), (10 bytes).
    Removing stm32f10x_usart.o(i.USART_SendData), (8 bytes).
    Removing stm32f10x_usart.o(i.USART_SetAddress), (16 bytes).
    Removing stm32f10x_usart.o(i.USART_SetGuardTime), (16 bytes).
    Removing stm32f10x_usart.o(i.USART_SetPrescaler), (16 bytes).
    Removing stm32f10x_usart.o(i.USART_SmartCardCmd), (20 bytes).
    Removing stm32f10x_usart.o(i.USART_SmartCardNACKCmd), (20 bytes).
    Removing stm32f10x_usart.o(i.USART_StructInit), (22 bytes).
    Removing stm32f10x_usart.o(i.USART_WakeUpConfig), (16 bytes).
    Removing stm32f10x_wwdg.o(i.WWDG_ClearFlag), (12 bytes).
    Removing stm32f10x_wwdg.o(i.WWDG_DeInit), (24 bytes).
    Removing stm32f10x_wwdg.o(i.WWDG_Enable), (16 bytes).
    Removing stm32f10x_wwdg.o(i.WWDG_EnableIT), (16 bytes).
    Removing stm32f10x_wwdg.o(i.WWDG_GetFlagStatus), (12 bytes).
    Removing stm32f10x_wwdg.o(i.WWDG_SetCounter), (16 bytes).
    Removing stm32f10x_wwdg.o(i.WWDG_SetPrescaler), (20 bytes).
    Removing stm32f10x_wwdg.o(i.WWDG_SetWindowValue), (28 bytes).
    Removing system_stm32f10x.o(i.SystemCoreClockUpdate), (100 bytes).
    Removing system_stm32f10x.o(.data), (20 bytes).
    Removing core_cm3.o(.emb_text), (32 bytes).

492 unused section(s) (total 16924 bytes) removed from the image.

==============================================================================

Image Symbol Table

    Local Symbols

    Symbol Name                              Value     Ov Type        Size  Object(Section)

    ../clib/angel/boardlib.s                 0x00000000   Number         0  boardinit3.o ABSOLUTE
    ../clib/angel/boardlib.s                 0x00000000   Number         0  boardinit2.o ABSOLUTE
    ../clib/angel/boardlib.s                 0x00000000   Number         0  boardshut.o ABSOLUTE
    ../clib/angel/boardlib.s                 0x00000000   Number         0  boardinit1.o ABSOLUTE
    ../clib/angel/handlers.s                 0x00000000   Number         0  __scatter_zi.o ABSOLUTE
    ../clib/angel/handlers.s                 0x00000000   Number         0  __scatter_copy.o ABSOLUTE
    ../clib/angel/kernel.s                   0x00000000   Number         0  __rtentry4.o ABSOLUTE
    ../clib/angel/kernel.s                   0x00000000   Number         0  __rtentry.o ABSOLUTE
    ../clib/angel/kernel.s                   0x00000000   Number         0  __rtentry2.o ABSOLUTE
    ../clib/angel/kernel.s                   0x00000000   Number         0  rtexit.o ABSOLUTE
    ../clib/angel/kernel.s                   0x00000000   Number         0  rtexit2.o ABSOLUTE
    ../clib/angel/rt.s                       0x00000000   Number         0  rt_errno_addr.o ABSOLUTE
    ../clib/angel/rt.s                       0x00000000   Number         0  rt_errno_addr_intlibspace.o ABSOLUTE
    ../clib/angel/rt.s                       0x00000000   Number         0  rt_raise.o ABSOLUTE
    ../clib/angel/rt.s                       0x00000000   Number         0  rt_heap_descriptor.o ABSOLUTE
    ../clib/angel/rt.s                       0x00000000   Number         0  rt_heap_descriptor_intlibspace.o ABSOLUTE
    ../clib/angel/scatter.s                  0x00000000   Number         0  __scatter.o ABSOLUTE
    ../clib/angel/startup.s                  0x00000000   Number         0  __main.o ABSOLUTE
    ../clib/angel/sys.s                      0x00000000   Number         0  indicate_semi.o ABSOLUTE
    ../clib/angel/sys.s                      0x00000000   Number         0  use_no_semi.o ABSOLUTE
    ../clib/angel/sys.s                      0x00000000   Number         0  sys_stackheap_outer.o ABSOLUTE
    ../clib/angel/sys.s                      0x00000000   Number         0  mutex_dummy.o ABSOLUTE
    ../clib/angel/sys.s                      0x00000000   Number         0  libspace.o ABSOLUTE
    ../clib/angel/sysapp.c                   0x00000000   Number         0  sys_io.o ABSOLUTE
    ../clib/angel/sysapp.c                   0x00000000   Number         0  sys_exit.o ABSOLUTE
    ../clib/angel/sysapp.c                   0x00000000   Number         0  sys_command.o ABSOLUTE
    ../clib/angel/sysapp.c                   0x00000000   Number         0  sys_wrch.o ABSOLUTE
    ../clib/armsys.c                         0x00000000   Number         0  argv_veneer.o ABSOLUTE
    ../clib/armsys.c                         0x00000000   Number         0  argv_veneer.o ABSOLUTE
    ../clib/armsys.c                         0x00000000   Number         0  _get_argv.o ABSOLUTE
    ../clib/armsys.c                         0x00000000   Number         0  _get_argv_nomalloc.o ABSOLUTE
    ../clib/armsys.c                         0x00000000   Number         0  no_argv.o ABSOLUTE
    ../clib/assert.c                         0x00000000   Number         0  assert_stdio.o ABSOLUTE
    ../clib/heap1.c                          0x00000000   Number         0  h1_extend_mt.o ABSOLUTE
    ../clib/heap1.c                          0x00000000   Number         0  h1_init_mt.o ABSOLUTE
    ../clib/heap1.c                          0x00000000   Number         0  h1_free_mt.o ABSOLUTE
    ../clib/heap1.c                          0x00000000   Number         0  h1_extend.o ABSOLUTE
    ../clib/heap1.c                          0x00000000   Number         0  h1_free.o ABSOLUTE
    ../clib/heap1.c                          0x00000000   Number         0  h1_init.o ABSOLUTE
    ../clib/heap1.c                          0x00000000   Number         0  h1_alloc.o ABSOLUTE
    ../clib/heap1.c                          0x00000000   Number         0  h1_alloc_mt.o ABSOLUTE
    ../clib/heap1.c                          0x00000000   Number         0  h1_final.o ABSOLUTE
    ../clib/heap1.c                          0x00000000   Number         0  h1_final_mt.o ABSOLUTE
    ../clib/heap2.c                          0x00000000   Number         0  heap2mt.o ABSOLUTE
    ../clib/heap2.c                          0x00000000   Number         0  heap2.o ABSOLUTE
    ../clib/heap2.c                          0x00000000   Number         0  fdtree.o ABSOLUTE
    ../clib/heapalloc.c                      0x00000000   Number         0  free.o ABSOLUTE
    ../clib/heapalloc.c                      0x00000000   Number         0  heapstubs.o ABSOLUTE
    ../clib/heapalloc.c                      0x00000000   Number         0  init_alloc.o ABSOLUTE
    ../clib/heapalloc.c                      0x00000000   Number         0  maybetermalloc1.o ABSOLUTE
    ../clib/heapalloc.c                      0x00000000   Number         0  hguard.o ABSOLUTE
    ../clib/heapalloc.c                      0x00000000   Number         0  maybetermalloc2.o ABSOLUTE
    ../clib/heapalloc.c                      0x00000000   Number         0  maybetermalloc2.o ABSOLUTE
    ../clib/heapalloc.c                      0x00000000   Number         0  hrguard.o ABSOLUTE
    ../clib/heapalloc.c                      0x00000000   Number         0  maybetermalloc1.o ABSOLUTE
    ../clib/heapalloc.c                      0x00000000   Number         0  malloc.o ABSOLUTE
    ../clib/heapalloc.c                      0x00000000   Number         0  term_alloc.o ABSOLUTE
    ../clib/heapaux.c                        0x00000000   Number         0  heapauxi.o ABSOLUTE
    ../clib/heapaux.c                        0x00000000   Number         0  heapauxa.o ABSOLUTE
    ../clib/libinit.s                        0x00000000   Number         0  libshutdown2.o ABSOLUTE
    ../clib/libinit.s                        0x00000000   Number         0  libshutdown.o ABSOLUTE
    ../clib/libinit.s                        0x00000000   Number         0  libinit2.o ABSOLUTE
    ../clib/libinit.s                        0x00000000   Number         0  libinit.o ABSOLUTE
    ../clib/memcpset.s                       0x00000000   Number         0  rt_memcpy_w.o ABSOLUTE
    ../clib/memcpset.s                       0x00000000   Number         0  rt_memcpy_v6.o ABSOLUTE
    ../clib/memcpset.s                       0x00000000   Number         0  rt_memclr_w.o ABSOLUTE
    ../clib/printf.c                         0x00000000   Number         0  noretval__2printf.o ABSOLUTE
    ../clib/printf.c                         0x00000000   Number         0  __printf_flags_ss_wp.o ABSOLUTE
    ../clib/printf.c                         0x00000000   Number         0  _printf_char.o ABSOLUTE
    ../clib/printf.c                         0x00000000   Number         0  _printf_char_file_locked.o ABSOLUTE
    ../clib/printf.c                         0x00000000   Number         0  _printf_char_file.o ABSOLUTE
    ../clib/printf.c                         0x00000000   Number         0  __printf_ss.o ABSOLUTE
    ../clib/printf.c                         0x00000000   Number         0  __printf_flags_ss.o ABSOLUTE
    ../clib/printf.c                         0x00000000   Number         0  _printf_str.o ABSOLUTE
    ../clib/printf.c                         0x00000000   Number         0  __printf_flags.o ABSOLUTE
    ../clib/printf.c                         0x00000000   Number         0  __printf_flags_wp.o ABSOLUTE
    ../clib/printf.c                         0x00000000   Number         0  __printf_ss_wp.o ABSOLUTE
    ../clib/printf.c                         0x00000000   Number         0  __printf_wp.o ABSOLUTE
    ../clib/printf.c                         0x00000000   Number         0  __printf_nopercent.o ABSOLUTE
    ../clib/printf.c                         0x00000000   Number         0  __2printf.o ABSOLUTE
    ../clib/printf.c                         0x00000000   Number         0  _printf_char_common.o ABSOLUTE
    ../clib/printf.c                         0x00000000   Number         0  __printf.o ABSOLUTE
    ../clib/printf_percent.s                 0x00000000   Number         0  _printf_s.o ABSOLUTE
    ../clib/printf_percent.s                 0x00000000   Number         0  _printf_percent.o ABSOLUTE
    ../clib/printf_percent.s                 0x00000000   Number         0  _printf_percent_end.o ABSOLUTE
    ../clib/signal.c                         0x00000000   Number         0  defsig_pvfn_inner.o ABSOLUTE
    ../clib/signal.c                         0x00000000   Number         0  defsig_stak_inner.o ABSOLUTE
    ../clib/signal.c                         0x00000000   Number         0  defsig_fpe_inner.o ABSOLUTE
    ../clib/signal.c                         0x00000000   Number         0  defsig_abrt_inner.o ABSOLUTE
    ../clib/signal.c                         0x00000000   Number         0  defsig_rtmem_inner.o ABSOLUTE
    ../clib/signal.c                         0x00000000   Number         0  defsig_rtmem_outer.o ABSOLUTE
    ../clib/signal.c                         0x00000000   Number         0  defsig_general.o ABSOLUTE
    ../clib/signal.c                         0x00000000   Number         0  __raise.o ABSOLUTE
    ../clib/signal.c                         0x00000000   Number         0  defsig_rtmem_formal.o ABSOLUTE
    ../clib/signal.c                         0x00000000   Number         0  defsig_rtred_inner.o ABSOLUTE
    ../clib/signal.c                         0x00000000   Number         0  defsig_exit.o ABSOLUTE
    ../clib/signal.c                         0x00000000   Number         0  defsig_rtred_outer.o ABSOLUTE
    ../clib/signal.c                         0x00000000   Number         0  defsig_other.o ABSOLUTE
    ../clib/signal.c                         0x00000000   Number         0  defsig_segv_inner.o ABSOLUTE
    ../clib/signal.c                         0x00000000   Number         0  defsig_cppl_inner.o ABSOLUTE
    ../clib/signal.c                         0x00000000   Number         0  defsig_rtred_formal.o ABSOLUTE
    ../clib/signal.s                         0x00000000   Number         0  defsig.o ABSOLUTE
    ../clib/stdio.c                          0x00000000   Number         0  ftell.o ABSOLUTE
    ../clib/stdio.c                          0x00000000   Number         0  fwritefast_locked.o ABSOLUTE
    ../clib/stdio.c                          0x00000000   Number         0  stdio_streams.o ABSOLUTE
    ../clib/stdio.c                          0x00000000   Number         0  flsbuf.o ABSOLUTE
    ../clib/stdio.c                          0x00000000   Number         0  initio_locked.o ABSOLUTE
    ../clib/stdio.c                          0x00000000   Number         0  ferror_locked.o ABSOLUTE
    ../clib/stdio.c                          0x00000000   Number         0  fputc_locked.o ABSOLUTE
    ../clib/stdio.c                          0x00000000   Number         0  setvbuf.o ABSOLUTE
    ../clib/stdio.c                          0x00000000   Number         0  streamlock.o ABSOLUTE
    ../clib/stdio.c                          0x00000000   Number         0  fputc.o ABSOLUTE
    ../clib/stdio.c                          0x00000000   Number         0  fopen.o ABSOLUTE
    ../clib/stdio.c                          0x00000000   Number         0  fflush.o ABSOLUTE
    ../clib/stdio.c                          0x00000000   Number         0  fputs.o ABSOLUTE
    ../clib/stdio.c                          0x00000000   Number         0  ferror.o ABSOLUTE
    ../clib/stdio.c                          0x00000000   Number         0  fflush_locked.o ABSOLUTE
    ../clib/stdio.c                          0x00000000   Number         0  fputs_locked.o ABSOLUTE
    ../clib/stdio.c                          0x00000000   Number         0  fclose.o ABSOLUTE
    ../clib/stdio.c                          0x00000000   Number         0  setvbuf_locked.o ABSOLUTE
    ../clib/stdio.c                          0x00000000   Number         0  initio.o ABSOLUTE
    ../clib/stdio.c                          0x00000000   Number         0  fopen_locked.o ABSOLUTE
    ../clib/stdio.c                          0x00000000   Number         0  fseek.o ABSOLUTE
    ../clib/stdio.c                          0x00000000   Number         0  stdio.o ABSOLUTE
    ../clib/stdio.c                          0x00000000   Number         0  fwritefast.o ABSOLUTE
    ../clib/stdlib.c                         0x00000000   Number         0  exit.o ABSOLUTE
    ../clib/string.c                         0x00000000   Number         0  strlen.o ABSOLUTE
    ../clib/wchar.c                          0x00000000   Number         0  flsbuf_fwide.o ABSOLUTE
    ../fplib/fpinit.s                        0x00000000   Number         0  fpinit.o ABSOLUTE
    CMSIS\\core_cm3.c                        0x00000000   Number         0  core_cm3.o ABSOLUTE
    CMSIS\core_cm3.c                         0x00000000   Number         0  core_cm3.o ABSOLUTE
    CMSIS\startup\arm\startup_stm32f10x_md.s 0x00000000   Number         0  startup_stm32f10x_md.o ABSOLUTE
    CMSIS\system_stm32f10x.c                 0x00000000   Number         0  system_stm32f10x.o ABSOLUTE
    FWLib\src\misc.c                         0x00000000   Number         0  misc.o ABSOLUTE
    FWLib\src\stm32f10x_adc.c                0x00000000   Number         0  stm32f10x_adc.o ABSOLUTE
    FWLib\src\stm32f10x_bkp.c                0x00000000   Number         0  stm32f10x_bkp.o ABSOLUTE
    FWLib\src\stm32f10x_can.c                0x00000000   Number         0  stm32f10x_can.o ABSOLUTE
    FWLib\src\stm32f10x_cec.c                0x00000000   Number         0  stm32f10x_cec.o ABSOLUTE
    FWLib\src\stm32f10x_crc.c                0x00000000   Number         0  stm32f10x_crc.o ABSOLUTE
    FWLib\src\stm32f10x_dac.c                0x00000000   Number         0  stm32f10x_dac.o ABSOLUTE
    FWLib\src\stm32f10x_dbgmcu.c             0x00000000   Number         0  stm32f10x_dbgmcu.o ABSOLUTE
    FWLib\src\stm32f10x_dma.c                0x00000000   Number         0  stm32f10x_dma.o ABSOLUTE
    FWLib\src\stm32f10x_exti.c               0x00000000   Number         0  stm32f10x_exti.o ABSOLUTE
    FWLib\src\stm32f10x_flash.c              0x00000000   Number         0  stm32f10x_flash.o ABSOLUTE
    FWLib\src\stm32f10x_fsmc.c               0x00000000   Number         0  stm32f10x_fsmc.o ABSOLUTE
    FWLib\src\stm32f10x_gpio.c               0x00000000   Number         0  stm32f10x_gpio.o ABSOLUTE
    FWLib\src\stm32f10x_i2c.c                0x00000000   Number         0  stm32f10x_i2c.o ABSOLUTE
    FWLib\src\stm32f10x_iwdg.c               0x00000000   Number         0  stm32f10x_iwdg.o ABSOLUTE
    FWLib\src\stm32f10x_pwr.c                0x00000000   Number         0  stm32f10x_pwr.o ABSOLUTE
    FWLib\src\stm32f10x_rcc.c                0x00000000   Number         0  stm32f10x_rcc.o ABSOLUTE
    FWLib\src\stm32f10x_rtc.c                0x00000000   Number         0  stm32f10x_rtc.o ABSOLUTE
    FWLib\src\stm32f10x_sdio.c               0x00000000   Number         0  stm32f10x_sdio.o ABSOLUTE
    FWLib\src\stm32f10x_spi.c                0x00000000   Number         0  stm32f10x_spi.o ABSOLUTE
    FWLib\src\stm32f10x_tim.c                0x00000000   Number         0  stm32f10x_tim.o ABSOLUTE
    FWLib\src\stm32f10x_usart.c              0x00000000   Number         0  stm32f10x_usart.o ABSOLUTE
    FWLib\src\stm32f10x_wwdg.c               0x00000000   Number         0  stm32f10x_wwdg.o ABSOLUTE
    USER\GUI.c                               0x00000000   Number         0  gui.o ABSOLUTE
    USER\Lcd_Driver.c                        0x00000000   Number         0  lcd_driver.o ABSOLUTE
    USER\delay.c                             0x00000000   Number         0  delay.o ABSOLUTE
    USER\main.c                              0x00000000   Number         0  main.o ABSOLUTE
    USER\rc522.c                             0x00000000   Number         0  rc522.o ABSOLUTE
    USER\stm32f10x_it.c                      0x00000000   Number         0  stm32f10x_it.o ABSOLUTE
    dc.s                                     0x00000000   Number         0  dc.o ABSOLUTE
    RESET                                    0x08000000   Section      236  startup_stm32f10x_md.o(RESET)
    !!!main                                  0x080000ec   Section        8  __main.o(!!!main)
    !!!scatter                               0x080000f4   Section       52  __scatter.o(!!!scatter)
    !!handler_copy                           0x08000128   Section       26  __scatter_copy.o(!!handler_copy)
    !!handler_zi                             0x08000144   Section       28  __scatter_zi.o(!!handler_zi)
    .ARM.Collect$$_printf_percent$$00000000  0x08000160   Section        0  _printf_percent.o(.ARM.Collect$$_printf_percent$$00000000)
    .ARM.Collect$$_printf_percent$$00000014  0x08000160   Section        6  _printf_s.o(.ARM.Collect$$_printf_percent$$00000014)
    .ARM.Collect$$_printf_percent$$00000017  0x08000166   Section        4  _printf_percent_end.o(.ARM.Collect$$_printf_percent$$00000017)
    .ARM.Collect$$libinit$$00000000          0x0800016a   Section        2  libinit.o(.ARM.Collect$$libinit$$00000000)
    .ARM.Collect$$libinit$$00000002          0x0800016c   Section        0  libinit2.o(.ARM.Collect$$libinit$$00000002)
    .ARM.Collect$$libinit$$00000004          0x0800016c   Section        0  libinit2.o(.ARM.Collect$$libinit$$00000004)
    .ARM.Collect$$libinit$$00000005          0x0800016c   Section        8  libinit2.o(.ARM.Collect$$libinit$$00000005)
    .ARM.Collect$$libinit$$0000000A          0x08000174   Section        0  libinit2.o(.ARM.Collect$$libinit$$0000000A)
    .ARM.Collect$$libinit$$0000000C          0x08000174   Section        0  libinit2.o(.ARM.Collect$$libinit$$0000000C)
    .ARM.Collect$$libinit$$0000000E          0x08000174   Section        0  libinit2.o(.ARM.Collect$$libinit$$0000000E)
    .ARM.Collect$$libinit$$00000011          0x08000174   Section        0  libinit2.o(.ARM.Collect$$libinit$$00000011)
    .ARM.Collect$$libinit$$00000013          0x08000174   Section        0  libinit2.o(.ARM.Collect$$libinit$$00000013)
    .ARM.Collect$$libinit$$00000015          0x08000174   Section        0  libinit2.o(.ARM.Collect$$libinit$$00000015)
    .ARM.Collect$$libinit$$00000017          0x08000174   Section        0  libinit2.o(.ARM.Collect$$libinit$$00000017)
    .ARM.Collect$$libinit$$00000019          0x08000174   Section        0  libinit2.o(.ARM.Collect$$libinit$$00000019)
    .ARM.Collect$$libinit$$0000001B          0x08000174   Section        0  libinit2.o(.ARM.Collect$$libinit$$0000001B)
    .ARM.Collect$$libinit$$0000001D          0x08000174   Section        0  libinit2.o(.ARM.Collect$$libinit$$0000001D)
    .ARM.Collect$$libinit$$0000001F          0x08000174   Section        0  libinit2.o(.ARM.Collect$$libinit$$0000001F)
    .ARM.Collect$$libinit$$00000021          0x08000174   Section        0  libinit2.o(.ARM.Collect$$libinit$$00000021)
    .ARM.Collect$$libinit$$00000023          0x08000174   Section        0  libinit2.o(.ARM.Collect$$libinit$$00000023)
    .ARM.Collect$$libinit$$00000024          0x08000174   Section        4  libinit2.o(.ARM.Collect$$libinit$$00000024)
    .ARM.Collect$$libinit$$00000025          0x08000178   Section        0  libinit2.o(.ARM.Collect$$libinit$$00000025)
    .ARM.Collect$$libinit$$0000002C          0x08000178   Section        0  libinit2.o(.ARM.Collect$$libinit$$0000002C)
    .ARM.Collect$$libinit$$0000002E          0x08000178   Section        0  libinit2.o(.ARM.Collect$$libinit$$0000002E)
    .ARM.Collect$$libinit$$00000030          0x08000178   Section        0  libinit2.o(.ARM.Collect$$libinit$$00000030)
    .ARM.Collect$$libinit$$00000032          0x08000178   Section        0  libinit2.o(.ARM.Collect$$libinit$$00000032)
    .ARM.Collect$$libinit$$00000033          0x08000178   Section        2  libinit2.o(.ARM.Collect$$libinit$$00000033)
    .ARM.Collect$$libshutdown$$00000000      0x0800017a   Section        2  libshutdown.o(.ARM.Collect$$libshutdown$$00000000)
    .ARM.Collect$$libshutdown$$00000002      0x0800017c   Section        0  libshutdown2.o(.ARM.Collect$$libshutdown$$00000002)
    .ARM.Collect$$libshutdown$$00000003      0x0800017c   Section        4  libshutdown2.o(.ARM.Collect$$libshutdown$$00000003)
    .ARM.Collect$$libshutdown$$00000004      0x08000180   Section        0  libshutdown2.o(.ARM.Collect$$libshutdown$$00000004)
    .ARM.Collect$$libshutdown$$00000007      0x08000180   Section        0  libshutdown2.o(.ARM.Collect$$libshutdown$$00000007)
    .ARM.Collect$$libshutdown$$0000000A      0x08000180   Section        0  libshutdown2.o(.ARM.Collect$$libshutdown$$0000000A)
    .ARM.Collect$$libshutdown$$0000000C      0x08000180   Section        0  libshutdown2.o(.ARM.Collect$$libshutdown$$0000000C)
    .ARM.Collect$$libshutdown$$0000000F      0x08000180   Section        0  libshutdown2.o(.ARM.Collect$$libshutdown$$0000000F)
    .ARM.Collect$$libshutdown$$00000010      0x08000180   Section        2  libshutdown2.o(.ARM.Collect$$libshutdown$$00000010)
    .ARM.Collect$$rtentry$$00000000          0x08000182   Section        0  __rtentry.o(.ARM.Collect$$rtentry$$00000000)
    .ARM.Collect$$rtentry$$00000002          0x08000182   Section        0  __rtentry2.o(.ARM.Collect$$rtentry$$00000002)
    .ARM.Collect$$rtentry$$00000004          0x08000182   Section        6  __rtentry4.o(.ARM.Collect$$rtentry$$00000004)
    .ARM.Collect$$rtentry$$00000009          0x08000188   Section        0  __rtentry2.o(.ARM.Collect$$rtentry$$00000009)
    .ARM.Collect$$rtentry$$0000000A          0x08000188   Section        4  __rtentry2.o(.ARM.Collect$$rtentry$$0000000A)
    .ARM.Collect$$rtentry$$0000000C          0x0800018c   Section        0  __rtentry2.o(.ARM.Collect$$rtentry$$0000000C)
    .ARM.Collect$$rtentry$$0000000D          0x0800018c   Section        8  __rtentry2.o(.ARM.Collect$$rtentry$$0000000D)
    .ARM.Collect$$rtexit$$00000000           0x08000194   Section        2  rtexit.o(.ARM.Collect$$rtexit$$00000000)
    .ARM.Collect$$rtexit$$00000002           0x08000196   Section        0  rtexit2.o(.ARM.Collect$$rtexit$$00000002)
    .ARM.Collect$$rtexit$$00000003           0x08000196   Section        4  rtexit2.o(.ARM.Collect$$rtexit$$00000003)
    .ARM.Collect$$rtexit$$00000004           0x0800019a   Section        6  rtexit2.o(.ARM.Collect$$rtexit$$00000004)
    .emb_text                                0x080001a0   Section        0  maybetermalloc1.o(.emb_text)
    .text                                    0x080001a0   Section       64  startup_stm32f10x_md.o(.text)
    .text                                    0x080001e0   Section        0  noretval__2printf.o(.text)
    .text                                    0x080001f8   Section        0  __printf.o(.text)
    .text                                    0x08000260   Section        0  _printf_str.o(.text)
    .text                                    0x080002b2   Section        0  heapauxi.o(.text)
    .text                                    0x080002b8   Section        0  _printf_char.o(.text)
    .text                                    0x080002e4   Section        0  _printf_char_file.o(.text)
    .text                                    0x08000308   Section        0  _printf_char_common.o(.text)
    _printf_input_char                       0x08000309   Thumb Code    10  _printf_char_common.o(.text)
    .text                                    0x08000338   Section        0  ferror.o(.text)
    .text                                    0x08000340   Section        0  initio.o(.text)
    .text                                    0x08000478   Section        0  sys_io.o(.text)
    .text                                    0x080004de   Section       74  sys_stackheap_outer.o(.text)
    .text                                    0x08000528   Section        0  h1_free.o(.text)
    .text                                    0x08000576   Section        0  flsbuf.o(.text)
    .text                                    0x0800074c   Section        0  setvbuf.o(.text)
    .text                                    0x08000794   Section        0  fopen.o(.text)
    _freopen_locked                          0x08000795   Thumb Code     0  fopen.o(.text)
    .text                                    0x08000880   Section        0  fclose.o(.text)
    .text                                    0x080008cc   Section        0  exit.o(.text)
    .text                                    0x080008de   Section        0  defsig_rtred_outer.o(.text)
    .text                                    0x080008ec   Section       78  rt_memclr_w.o(.text)
    .text                                    0x0800093c   Section        8  libspace.o(.text)
    .text                                    0x08000944   Section        2  use_no_semi.o(.text)
    .text                                    0x08000946   Section        0  indicate_semi.o(.text)
    .text                                    0x08000948   Section        8  rt_heap_descriptor_intlibspace.o(.text)
    .text                                    0x08000950   Section        0  hguard.o(.text)
    .text                                    0x08000954   Section        0  init_alloc.o(.text)
    .text                                    0x080009de   Section        0  h1_alloc.o(.text)
    .text                                    0x08000a3c   Section        0  fseek.o(.text)
    .text                                    0x08000b34   Section        0  stdio.o(.text)
    .text                                    0x08000c24   Section        0  defsig_exit.o(.text)
    .text                                    0x08000c30   Section        0  defsig_rtred_inner.o(.text)
    .text                                    0x08000c64   Section        0  strlen.o(.text)
    .text                                    0x08000ca4   Section        0  sys_exit.o(.text)
    .text                                    0x08000cb0   Section        0  h1_init.o(.text)
    .text                                    0x08000cbe   Section        0  h1_extend.o(.text)
    .text                                    0x08000cf2   Section        0  ftell.o(.text)
    .text                                    0x08000d34   Section        0  defsig_general.o(.text)
    .text                                    0x08000d66   Section        0  defsig_rtmem_outer.o(.text)
    .text                                    0x08000d74   Section        0  sys_wrch.o(.text)
    .text                                    0x08000d84   Section        8  rt_errno_addr_intlibspace.o(.text)
    .text                                    0x08000d8c   Section        0  defsig_rtmem_inner.o(.text)
    i.BusFault_Handler                       0x08000ddc   Section        0  stm32f10x_it.o(i.BusFault_Handler)
    i.CalulateCRC                            0x08000dde   Section        0  rc522.o(i.CalulateCRC)
    i.ClearBitMask                           0x08000e44   Section        0  rc522.o(i.ClearBitMask)
    i.DebugMon_Handler                       0x08000e5c   Section        0  stm32f10x_it.o(i.DebugMon_Handler)
    i.GPIO_Init                              0x08000e60   Section        0  stm32f10x_gpio.o(i.GPIO_Init)
    i.GPIO_ReadInputDataBit                  0x08000f02   Section        0  stm32f10x_gpio.o(i.GPIO_ReadInputDataBit)
    i.GPIO_ResetBits                         0x08000f10   Section        0  stm32f10x_gpio.o(i.GPIO_ResetBits)
    i.GPIO_SetBits                           0x08000f14   Section        0  stm32f10x_gpio.o(i.GPIO_SetBits)
    i.GPIO_ini                               0x08000f18   Section        0  main.o(i.GPIO_ini)
    i.Gui_DrawFont_GBK16                     0x08000fe0   Section        0  gui.o(i.Gui_DrawFont_GBK16)
    i.Gui_DrawPoint                          0x08001154   Section        0  lcd_driver.o(i.Gui_DrawPoint)
    i.HardFault_Handler                      0x0800116e   Section        0  stm32f10x_it.o(i.HardFault_Handler)
    i.InitializeSystem                       0x08001170   Section        0  main.o(i.InitializeSystem)
    i.LCD_GPIO_Init                          0x080011d4   Section        0  lcd_driver.o(i.LCD_GPIO_Init)
    i.LCD_WriteData_16Bit                    0x08001224   Section        0  lcd_driver.o(i.LCD_WriteData_16Bit)
    i.Lcd_Clear                              0x08001250   Section        0  lcd_driver.o(i.Lcd_Clear)
    i.Lcd_Init                               0x0800127e   Section        0  lcd_driver.o(i.Lcd_Init)
    i.Lcd_Reset                              0x080014a4   Section        0  lcd_driver.o(i.Lcd_Reset)
    i.Lcd_SetRegion                          0x080014c8   Section        0  lcd_driver.o(i.Lcd_SetRegion)
    i.Lcd_WriteData                          0x08001520   Section        0  lcd_driver.o(i.Lcd_WriteData)
    i.Lcd_WriteIndex                         0x08001544   Section        0  lcd_driver.o(i.Lcd_WriteIndex)
    i.M500PcdConfigISOType                   0x08001568   Section        0  rc522.o(i.M500PcdConfigISOType)
    i.MemManage_Handler                      0x080015c0   Section        0  stm32f10x_it.o(i.MemManage_Handler)
    i.NMI_Handler                            0x080015c2   Section        0  stm32f10x_it.o(i.NMI_Handler)
    i.PcdAntennaOff                          0x080015c4   Section        0  rc522.o(i.PcdAntennaOff)
    i.PcdAntennaOn                           0x080015cc   Section        0  rc522.o(i.PcdAntennaOn)
    i.PcdAnticoll                            0x080015e6   Section        0  rc522.o(i.PcdAnticoll)
    i.PcdAuthState                           0x08001650   Section        0  rc522.o(i.PcdAuthState)
    i.PcdComMF522                            0x080016a2   Section        0  rc522.o(i.PcdComMF522)
    i.PcdRead                                0x080017b8   Section        0  rc522.o(i.PcdRead)
    i.PcdRequest                             0x08001802   Section        0  rc522.o(i.PcdRequest)
    i.PcdReset                               0x08001854   Section        0  rc522.o(i.PcdReset)
    i.PcdSelect                              0x08001910   Section        0  rc522.o(i.PcdSelect)
    i.PendSV_Handler                         0x08001972   Section        0  stm32f10x_it.o(i.PendSV_Handler)
    i.RCC_APB2PeriphClockCmd                 0x08001974   Section        0  stm32f10x_rcc.o(i.RCC_APB2PeriphClockCmd)
    i.ReadRawRC                              0x0800198c   Section        0  rc522.o(i.ReadRawRC)
    i.SPI_WriteData                          0x08001a24   Section        0  lcd_driver.o(i.SPI_WriteData)
    i.SVC_Handler                            0x08001a50   Section        0  stm32f10x_it.o(i.SVC_Handler)
    i.SetBitMask                             0x08001a52   Section        0  rc522.o(i.SetBitMask)
    i.SetSysClockTo72                        0x08001a6c   Section        0  system_stm32f10x.o(i.SetSysClockTo72)
    SetSysClockTo72                          0x08001a6d   Thumb Code   160  system_stm32f10x.o(i.SetSysClockTo72)
    i.SysTick_Handler                        0x08001b14   Section        0  stm32f10x_it.o(i.SysTick_Handler)
    i.SystemInit                             0x08001b18   Section        0  system_stm32f10x.o(i.SystemInit)
    i.UsageFault_Handler                     0x08001b68   Section        0  stm32f10x_it.o(i.UsageFault_Handler)
    i.WaitCardOff                            0x08001b6a   Section        0  rc522.o(i.WaitCardOff)
    i.WriteRawRC                             0x08001b98   Section        0  rc522.o(i.WriteRawRC)
    i.delay_10ms                             0x08001c34   Section        0  rc522.o(i.delay_10ms)
    i.delay_init                             0x08001c50   Section        0  delay.o(i.delay_init)
    i.delay_ms                               0x08001c7c   Section        0  delay.o(i.delay_ms)
    i.findcard                               0x08001ca4   Section        0  main.o(i.findcard)
    i.fputc                                  0x08001d84   Section        0  fputc.o(i.fputc)
    i.initL                                  0x08001da0   Section        0  main.o(i.initL)
    i.main                                   0x08001df0   Section        0  main.o(i.main)
    .constdata                               0x08001ec8   Section     6616  gui.o(.constdata)
    .constdata                               0x080038a0   Section        4  sys_io.o(.constdata)
    .constdata                               0x080038a4   Section        4  sys_io.o(.constdata)
    .constdata                               0x080038a8   Section        4  sys_io.o(.constdata)
    .data                                    0x20000000   Section       39  main.o(.data)
    .data                                    0x20000028   Section        4  delay.o(.data)
    fac_us                                   0x20000028   Data           1  delay.o(.data)
    fac_ms                                   0x2000002a   Data           2  delay.o(.data)
    .data                                    0x2000002c   Section        4  stdio_streams.o(.data)
    .data                                    0x20000030   Section        4  stdio_streams.o(.data)
    .data                                    0x20000034   Section        4  stdio_streams.o(.data)
    .bss                                     0x20000038   Section       16  main.o(.bss)
    .bss                                     0x20000048   Section       84  stdio_streams.o(.bss)
    .bss                                     0x2000009c   Section       84  stdio_streams.o(.bss)
    .bss                                     0x200000f0   Section       84  stdio_streams.o(.bss)
    .bss                                     0x20000144   Section       96  libspace.o(.bss)
    HEAP                                     0x200001a8   Section      512  startup_stm32f10x_md.o(HEAP)
    Heap_Mem                                 0x200001a8   Data         512  startup_stm32f10x_md.o(HEAP)
    STACK                                    0x200003a8   Section     1024  startup_stm32f10x_md.o(STACK)
    Stack_Mem                                0x200003a8   Data        1024  startup_stm32f10x_md.o(STACK)
    __initial_sp                             0x200007a8   Data           0  startup_stm32f10x_md.o(STACK)

    Global Symbols

    Symbol Name                              Value     Ov Type        Size  Object(Section)

    BuildAttributes$$THM_ISAv4$P$D$K$B$S$PE$A:L22UL41UL21$X:L11$S22US41US21$IEEE1$IW$USESV6$~STKCKD$USESV7$~SHL$OTIME$ROPI$EBA8$UX$STANDARDLIB$REQ8$PRES8$EABIv2 0x00000000   Number         0  anon$$obj.o ABSOLUTE
    __ARM_use_no_argv                        0x00000000   Number         0  main.o ABSOLUTE
    __ARM_exceptions_init                     - Undefined Weak Reference
    __alloca_initialize                       - Undefined Weak Reference
    __arm_preinit_                            - Undefined Weak Reference
    __cpp_initialize__aeabi_                  - Undefined Weak Reference
    __cxa_finalize                            - Undefined Weak Reference
    __rt_locale                               - Undefined Weak Reference
    __sigvec_lookup                           - Undefined Weak Reference
    __user_heap_extent                        - Undefined Weak Reference
    _atexit_init                              - Undefined Weak Reference
    _call_atexit_fns                          - Undefined Weak Reference
    _clock_init                               - Undefined Weak Reference
    _fp_trap_init                             - Undefined Weak Reference
    _fp_trap_shutdown                         - Undefined Weak Reference
    _get_lc_collate                           - Undefined Weak Reference
    _get_lc_ctype                             - Undefined Weak Reference
    _get_lc_monetary                          - Undefined Weak Reference
    _get_lc_numeric                           - Undefined Weak Reference
    _get_lc_time                              - Undefined Weak Reference
    _getenv_init                              - Undefined Weak Reference
    _handle_redirection                       - Undefined Weak Reference
    _mutex_acquire                            - Undefined Weak Reference
    _mutex_free                               - Undefined Weak Reference
    _mutex_release                            - Undefined Weak Reference
    _printf_mbtowc                            - Undefined Weak Reference
    _printf_post_padding                      - Undefined Weak Reference
    _printf_pre_padding                       - Undefined Weak Reference
    _rand_init                                - Undefined Weak Reference
    _signal_finish                            - Undefined Weak Reference
    _signal_init                              - Undefined Weak Reference
    __Vectors_Size                           0x000000ec   Number         0  startup_stm32f10x_md.o ABSOLUTE
    __Vectors                                0x08000000   Data           4  startup_stm32f10x_md.o(RESET)
    __Vectors_End                            0x080000ec   Data           0  startup_stm32f10x_md.o(RESET)
    __main                                   0x080000ed   Thumb Code     8  __main.o(!!!main)
    __scatterload                            0x080000f5   Thumb Code     0  __scatter.o(!!!scatter)
    __scatterload_rt2                        0x080000f5   Thumb Code    44  __scatter.o(!!!scatter)
    __scatterload_rt2_thumb_only             0x080000f5   Thumb Code     0  __scatter.o(!!!scatter)
    __scatterload_null                       0x08000103   Thumb Code     0  __scatter.o(!!!scatter)
    __scatterload_copy                       0x08000129   Thumb Code    26  __scatter_copy.o(!!handler_copy)
    __scatterload_zeroinit                   0x08000145   Thumb Code    28  __scatter_zi.o(!!handler_zi)
    _printf_percent                          0x08000161   Thumb Code     0  _printf_percent.o(.ARM.Collect$$_printf_percent$$00000000)
    _printf_s                                0x08000161   Thumb Code     0  _printf_s.o(.ARM.Collect$$_printf_percent$$00000014)
    _printf_percent_end                      0x08000167   Thumb Code     0  _printf_percent_end.o(.ARM.Collect$$_printf_percent$$00000017)
    __rt_lib_init                            0x0800016b   Thumb Code     0  libinit.o(.ARM.Collect$$libinit$$00000000)
    __rt_lib_init_fp_1                       0x0800016d   Thumb Code     0  libinit2.o(.ARM.Collect$$libinit$$00000002)
    __rt_lib_init_heap_2                     0x0800016d   Thumb Code     0  libinit2.o(.ARM.Collect$$libinit$$00000005)
    __rt_lib_init_preinit_1                  0x0800016d   Thumb Code     0  libinit2.o(.ARM.Collect$$libinit$$00000004)
    __rt_lib_init_atexit_1                   0x08000175   Thumb Code     0  libinit2.o(.ARM.Collect$$libinit$$0000001B)
    __rt_lib_init_clock_1                    0x08000175   Thumb Code     0  libinit2.o(.ARM.Collect$$libinit$$00000021)
    __rt_lib_init_fp_trap_1                  0x08000175   Thumb Code     0  libinit2.o(.ARM.Collect$$libinit$$0000001F)
    __rt_lib_init_getenv_1                   0x08000175   Thumb Code     0  libinit2.o(.ARM.Collect$$libinit$$00000023)
    __rt_lib_init_heap_1                     0x08000175   Thumb Code     0  libinit2.o(.ARM.Collect$$libinit$$0000000A)
    __rt_lib_init_lc_collate_1               0x08000175   Thumb Code     0  libinit2.o(.ARM.Collect$$libinit$$00000011)
    __rt_lib_init_lc_ctype_1                 0x08000175   Thumb Code     0  libinit2.o(.ARM.Collect$$libinit$$00000013)
    __rt_lib_init_lc_monetary_1              0x08000175   Thumb Code     0  libinit2.o(.ARM.Collect$$libinit$$00000015)
    __rt_lib_init_lc_numeric_1               0x08000175   Thumb Code     0  libinit2.o(.ARM.Collect$$libinit$$00000017)
    __rt_lib_init_lc_time_1                  0x08000175   Thumb Code     0  libinit2.o(.ARM.Collect$$libinit$$00000019)
    __rt_lib_init_rand_1                     0x08000175   Thumb Code     0  libinit2.o(.ARM.Collect$$libinit$$0000000E)
    __rt_lib_init_signal_1                   0x08000175   Thumb Code     0  libinit2.o(.ARM.Collect$$libinit$$0000001D)
    __rt_lib_init_stdio_2                    0x08000175   Thumb Code     0  libinit2.o(.ARM.Collect$$libinit$$00000024)
    __rt_lib_init_user_alloc_1               0x08000175   Thumb Code     0  libinit2.o(.ARM.Collect$$libinit$$0000000C)
    __rt_lib_init_alloca_1                   0x08000179   Thumb Code     0  libinit2.o(.ARM.Collect$$libinit$$0000002E)
    __rt_lib_init_argv_1                     0x08000179   Thumb Code     0  libinit2.o(.ARM.Collect$$libinit$$0000002C)
    __rt_lib_init_cpp_1                      0x08000179   Thumb Code     0  libinit2.o(.ARM.Collect$$libinit$$00000032)
    __rt_lib_init_exceptions_1               0x08000179   Thumb Code     0  libinit2.o(.ARM.Collect$$libinit$$00000030)
    __rt_lib_init_return                     0x08000179   Thumb Code     0  libinit2.o(.ARM.Collect$$libinit$$00000033)
    __rt_lib_init_stdio_1                    0x08000179   Thumb Code     0  libinit2.o(.ARM.Collect$$libinit$$00000025)
    __rt_lib_shutdown                        0x0800017b   Thumb Code     0  libshutdown.o(.ARM.Collect$$libshutdown$$00000000)
    __rt_lib_shutdown_cpp_1                  0x0800017d   Thumb Code     0  libshutdown2.o(.ARM.Collect$$libshutdown$$00000002)
    __rt_lib_shutdown_stdio_2                0x0800017d   Thumb Code     0  libshutdown2.o(.ARM.Collect$$libshutdown$$00000003)
    __rt_lib_shutdown_fp_trap_1              0x08000181   Thumb Code     0  libshutdown2.o(.ARM.Collect$$libshutdown$$00000007)
    __rt_lib_shutdown_heap_1                 0x08000181   Thumb Code     0  libshutdown2.o(.ARM.Collect$$libshutdown$$0000000F)
    __rt_lib_shutdown_return                 0x08000181   Thumb Code     0  libshutdown2.o(.ARM.Collect$$libshutdown$$00000010)
    __rt_lib_shutdown_signal_1               0x08000181   Thumb Code     0  libshutdown2.o(.ARM.Collect$$libshutdown$$0000000A)
    __rt_lib_shutdown_stdio_1                0x08000181   Thumb Code     0  libshutdown2.o(.ARM.Collect$$libshutdown$$00000004)
    __rt_lib_shutdown_user_alloc_1           0x08000181   Thumb Code     0  libshutdown2.o(.ARM.Collect$$libshutdown$$0000000C)
    __rt_entry                               0x08000183   Thumb Code     0  __rtentry.o(.ARM.Collect$$rtentry$$00000000)
    __rt_entry_presh_1                       0x08000183   Thumb Code     0  __rtentry2.o(.ARM.Collect$$rtentry$$00000002)
    __rt_entry_sh                            0x08000183   Thumb Code     0  __rtentry4.o(.ARM.Collect$$rtentry$$00000004)
    __rt_entry_li                            0x08000189   Thumb Code     0  __rtentry2.o(.ARM.Collect$$rtentry$$0000000A)
    __rt_entry_postsh_1                      0x08000189   Thumb Code     0  __rtentry2.o(.ARM.Collect$$rtentry$$00000009)
    __rt_entry_main                          0x0800018d   Thumb Code     0  __rtentry2.o(.ARM.Collect$$rtentry$$0000000D)
    __rt_entry_postli_1                      0x0800018d   Thumb Code     0  __rtentry2.o(.ARM.Collect$$rtentry$$0000000C)
    __rt_exit                                0x08000195   Thumb Code     0  rtexit.o(.ARM.Collect$$rtexit$$00000000)
    __rt_exit_ls                             0x08000197   Thumb Code     0  rtexit2.o(.ARM.Collect$$rtexit$$00000003)
    __rt_exit_prels_1                        0x08000197   Thumb Code     0  rtexit2.o(.ARM.Collect$$rtexit$$00000002)
    __rt_exit_exit                           0x0800019b   Thumb Code     0  rtexit2.o(.ARM.Collect$$rtexit$$00000004)
    Reset_Handler                            0x080001a1   Thumb Code     8  startup_stm32f10x_md.o(.text)
    _maybe_terminate_alloc                   0x080001a1   Thumb Code     0  maybetermalloc1.o(.emb_text)
    ADC1_2_IRQHandler                        0x080001bb   Thumb Code     0  startup_stm32f10x_md.o(.text)
    CAN1_RX1_IRQHandler                      0x080001bb   Thumb Code     0  startup_stm32f10x_md.o(.text)
    CAN1_SCE_IRQHandler                      0x080001bb   Thumb Code     0  startup_stm32f10x_md.o(.text)
    DMA1_Channel1_IRQHandler                 0x080001bb   Thumb Code     0  startup_stm32f10x_md.o(.text)
    DMA1_Channel2_IRQHandler                 0x080001bb   Thumb Code     0  startup_stm32f10x_md.o(.text)
    DMA1_Channel3_IRQHandler                 0x080001bb   Thumb Code     0  startup_stm32f10x_md.o(.text)
    DMA1_Channel4_IRQHandler                 0x080001bb   Thumb Code     0  startup_stm32f10x_md.o(.text)
    DMA1_Channel5_IRQHandler                 0x080001bb   Thumb Code     0  startup_stm32f10x_md.o(.text)
    DMA1_Channel6_IRQHandler                 0x080001bb   Thumb Code     0  startup_stm32f10x_md.o(.text)
    DMA1_Channel7_IRQHandler                 0x080001bb   Thumb Code     0  startup_stm32f10x_md.o(.text)
    EXTI0_IRQHandler                         0x080001bb   Thumb Code     0  startup_stm32f10x_md.o(.text)
    EXTI15_10_IRQHandler                     0x080001bb   Thumb Code     0  startup_stm32f10x_md.o(.text)
    EXTI1_IRQHandler                         0x080001bb   Thumb Code     0  startup_stm32f10x_md.o(.text)
    EXTI2_IRQHandler                         0x080001bb   Thumb Code     0  startup_stm32f10x_md.o(.text)
    EXTI3_IRQHandler                         0x080001bb   Thumb Code     0  startup_stm32f10x_md.o(.text)
    EXTI4_IRQHandler                         0x080001bb   Thumb Code     0  startup_stm32f10x_md.o(.text)
    EXTI9_5_IRQHandler                       0x080001bb   Thumb Code     0  startup_stm32f10x_md.o(.text)
    FLASH_IRQHandler                         0x080001bb   Thumb Code     0  startup_stm32f10x_md.o(.text)
    I2C1_ER_IRQHandler                       0x080001bb   Thumb Code     0  startup_stm32f10x_md.o(.text)
    I2C1_EV_IRQHandler                       0x080001bb   Thumb Code     0  startup_stm32f10x_md.o(.text)
    I2C2_ER_IRQHandler                       0x080001bb   Thumb Code     0  startup_stm32f10x_md.o(.text)
    I2C2_EV_IRQHandler                       0x080001bb   Thumb Code     0  startup_stm32f10x_md.o(.text)
    PVD_IRQHandler                           0x080001bb   Thumb Code     0  startup_stm32f10x_md.o(.text)
    RCC_IRQHandler                           0x080001bb   Thumb Code     0  startup_stm32f10x_md.o(.text)
    RTCAlarm_IRQHandler                      0x080001bb   Thumb Code     0  startup_stm32f10x_md.o(.text)
    RTC_IRQHandler                           0x080001bb   Thumb Code     0  startup_stm32f10x_md.o(.text)
    SPI1_IRQHandler                          0x080001bb   Thumb Code     0  startup_stm32f10x_md.o(.text)
    SPI2_IRQHandler                          0x080001bb   Thumb Code     0  startup_stm32f10x_md.o(.text)
    TAMPER_IRQHandler                        0x080001bb   Thumb Code     0  startup_stm32f10x_md.o(.text)
    TIM1_BRK_IRQHandler                      0x080001bb   Thumb Code     0  startup_stm32f10x_md.o(.text)
    TIM1_CC_IRQHandler                       0x080001bb   Thumb Code     0  startup_stm32f10x_md.o(.text)
    TIM1_TRG_COM_IRQHandler                  0x080001bb   Thumb Code     0  startup_stm32f10x_md.o(.text)
    TIM1_UP_IRQHandler                       0x080001bb   Thumb Code     0  startup_stm32f10x_md.o(.text)
    TIM2_IRQHandler                          0x080001bb   Thumb Code     0  startup_stm32f10x_md.o(.text)
    TIM3_IRQHandler                          0x080001bb   Thumb Code     0  startup_stm32f10x_md.o(.text)
    TIM4_IRQHandler                          0x080001bb   Thumb Code     0  startup_stm32f10x_md.o(.text)
    USART1_IRQHandler                        0x080001bb   Thumb Code     0  startup_stm32f10x_md.o(.text)
    USART2_IRQHandler                        0x080001bb   Thumb Code     0  startup_stm32f10x_md.o(.text)
    USART3_IRQHandler                        0x080001bb   Thumb Code     0  startup_stm32f10x_md.o(.text)
    USBWakeUp_IRQHandler                     0x080001bb   Thumb Code     0  startup_stm32f10x_md.o(.text)
    USB_HP_CAN1_TX_IRQHandler                0x080001bb   Thumb Code     0  startup_stm32f10x_md.o(.text)
    USB_LP_CAN1_RX0_IRQHandler               0x080001bb   Thumb Code     0  startup_stm32f10x_md.o(.text)
    WWDG_IRQHandler                          0x080001bb   Thumb Code     0  startup_stm32f10x_md.o(.text)
    __user_initial_stackheap                 0x080001bd   Thumb Code     0  startup_stm32f10x_md.o(.text)
    __2printf                                0x080001e1   Thumb Code    20  noretval__2printf.o(.text)
    __printf                                 0x080001f9   Thumb Code   104  __printf.o(.text)
    _printf_str                              0x08000261   Thumb Code    82  _printf_str.o(.text)
    __use_two_region_memory                  0x080002b3   Thumb Code     2  heapauxi.o(.text)
    __rt_heap_escrow                         0x080002b5   Thumb Code     2  heapauxi.o(.text)
    __rt_heap_expand                         0x080002b7   Thumb Code     2  heapauxi.o(.text)
    _printf_cs_common                        0x080002b9   Thumb Code    20  _printf_char.o(.text)
    _printf_char                             0x080002cd   Thumb Code    16  _printf_char.o(.text)
    _printf_string                           0x080002dd   Thumb Code     8  _printf_char.o(.text)
    _printf_char_file                        0x080002e5   Thumb Code    32  _printf_char_file.o(.text)
    _printf_char_common                      0x08000313   Thumb Code    32  _printf_char_common.o(.text)
    ferror                                   0x08000339   Thumb Code     8  ferror.o(.text)
    _initio                                  0x08000341   Thumb Code   210  initio.o(.text)
    _terminateio                             0x08000413   Thumb Code    56  initio.o(.text)
    _sys_open                                0x08000479   Thumb Code    20  sys_io.o(.text)
    _sys_close                               0x0800048d   Thumb Code    12  sys_io.o(.text)
    _sys_write                               0x08000499   Thumb Code    16  sys_io.o(.text)
    _sys_read                                0x080004a9   Thumb Code    14  sys_io.o(.text)
    _sys_istty                               0x080004b7   Thumb Code    12  sys_io.o(.text)
    _sys_seek                                0x080004c3   Thumb Code    14  sys_io.o(.text)
    _sys_ensure                              0x080004d1   Thumb Code     2  sys_io.o(.text)
    _sys_flen                                0x080004d3   Thumb Code    12  sys_io.o(.text)
    __user_setup_stackheap                   0x080004df   Thumb Code    74  sys_stackheap_outer.o(.text)
    free                                     0x08000529   Thumb Code    78  h1_free.o(.text)
    __flsbuf                                 0x08000577   Thumb Code   470  flsbuf.o(.text)
    __flsbuf_byte                            0x08000577   Thumb Code     0  flsbuf.o(.text)
    __flsbuf_wide                            0x08000577   Thumb Code     0  flsbuf.o(.text)
    setvbuf                                  0x0800074d   Thumb Code    70  setvbuf.o(.text)
    freopen                                  0x08000795   Thumb Code   158  fopen.o(.text)
    fopen                                    0x08000833   Thumb Code    74  fopen.o(.text)
    _fclose_internal                         0x08000881   Thumb Code    76  fclose.o(.text)
    fclose                                   0x08000881   Thumb Code     0  fclose.o(.text)
    exit                                     0x080008cd   Thumb Code    18  exit.o(.text)
    __rt_SIGRTRED                            0x080008df   Thumb Code    14  defsig_rtred_outer.o(.text)
    __aeabi_memclr4                          0x080008ed   Thumb Code     0  rt_memclr_w.o(.text)
    __aeabi_memclr8                          0x080008ed   Thumb Code     0  rt_memclr_w.o(.text)
    __rt_memclr_w                            0x080008ed   Thumb Code    78  rt_memclr_w.o(.text)
    _memset_w                                0x080008f1   Thumb Code     0  rt_memclr_w.o(.text)
    __user_libspace                          0x0800093d   Thumb Code     8  libspace.o(.text)
    __user_perproc_libspace                  0x0800093d   Thumb Code     0  libspace.o(.text)
    __user_perthread_libspace                0x0800093d   Thumb Code     0  libspace.o(.text)
    __I$use$semihosting                      0x08000945   Thumb Code     0  use_no_semi.o(.text)
    __use_no_semihosting_swi                 0x08000945   Thumb Code     2  use_no_semi.o(.text)
    __semihosting_library_function           0x08000947   Thumb Code     0  indicate_semi.o(.text)
    __rt_heap_descriptor                     0x08000949   Thumb Code     8  rt_heap_descriptor_intlibspace.o(.text)
    __use_no_heap                            0x08000951   Thumb Code     2  hguard.o(.text)
    __heap$guard                             0x08000953   Thumb Code     2  hguard.o(.text)
    _terminate_user_alloc                    0x08000955   Thumb Code     2  init_alloc.o(.text)
    _init_user_alloc                         0x08000957   Thumb Code     2  init_alloc.o(.text)
    __Heap_Full                              0x08000959   Thumb Code    34  init_alloc.o(.text)
    __Heap_Broken                            0x0800097b   Thumb Code     6  init_alloc.o(.text)
    _init_alloc                              0x08000981   Thumb Code    94  init_alloc.o(.text)
    malloc                                   0x080009df   Thumb Code    94  h1_alloc.o(.text)
    _fseek                                   0x08000a3d   Thumb Code   242  fseek.o(.text)
    fseek                                    0x08000a3d   Thumb Code     0  fseek.o(.text)
    _seterr                                  0x08000b35   Thumb Code    20  stdio.o(.text)
    _writebuf                                0x08000b49   Thumb Code    84  stdio.o(.text)
    _fflush                                  0x08000b9d   Thumb Code    70  stdio.o(.text)
    _deferredlazyseek                        0x08000be3   Thumb Code    60  stdio.o(.text)
    __sig_exit                               0x08000c25   Thumb Code    10  defsig_exit.o(.text)
    __rt_SIGRTRED_inner                      0x08000c31   Thumb Code    14  defsig_rtred_inner.o(.text)
    strlen                                   0x08000c65   Thumb Code    62  strlen.o(.text)
    _sys_exit                                0x08000ca5   Thumb Code     8  sys_exit.o(.text)
    __Heap_Initialize                        0x08000cb1   Thumb Code    10  h1_init.o(.text)
    __Heap_DescSize                          0x08000cbb   Thumb Code     4  h1_init.o(.text)
    __Heap_ProvideMemory                     0x08000cbf   Thumb Code    52  h1_extend.o(.text)
    _ftell_internal                          0x08000cf3   Thumb Code    66  ftell.o(.text)
    ftell                                    0x08000cf3   Thumb Code     0  ftell.o(.text)
    __default_signal_display                 0x08000d35   Thumb Code    50  defsig_general.o(.text)
    __rt_SIGRTMEM                            0x08000d67   Thumb Code    14  defsig_rtmem_outer.o(.text)
    _ttywrch                                 0x08000d75   Thumb Code    14  sys_wrch.o(.text)
    __aeabi_errno_addr                       0x08000d85   Thumb Code     8  rt_errno_addr_intlibspace.o(.text)
    __errno$intlibspace                      0x08000d85   Thumb Code     0  rt_errno_addr_intlibspace.o(.text)
    __rt_errno_addr$intlibspace              0x08000d85   Thumb Code     0  rt_errno_addr_intlibspace.o(.text)
    __rt_SIGRTMEM_inner                      0x08000d8d   Thumb Code    22  defsig_rtmem_inner.o(.text)
    BusFault_Handler                         0x08000ddd   Thumb Code     2  stm32f10x_it.o(i.BusFault_Handler)
    CalulateCRC                              0x08000ddf   Thumb Code   102  rc522.o(i.CalulateCRC)
    ClearBitMask                             0x08000e45   Thumb Code    24  rc522.o(i.ClearBitMask)
    DebugMon_Handler                         0x08000e5d   Thumb Code     2  stm32f10x_it.o(i.DebugMon_Handler)
    GPIO_Init                                0x08000e61   Thumb Code   162  stm32f10x_gpio.o(i.GPIO_Init)
    GPIO_ReadInputDataBit                    0x08000f03   Thumb Code    14  stm32f10x_gpio.o(i.GPIO_ReadInputDataBit)
    GPIO_ResetBits                           0x08000f11   Thumb Code     4  stm32f10x_gpio.o(i.GPIO_ResetBits)
    GPIO_SetBits                             0x08000f15   Thumb Code     4  stm32f10x_gpio.o(i.GPIO_SetBits)
    GPIO_ini                                 0x08000f19   Thumb Code   192  main.o(i.GPIO_ini)
    Gui_DrawFont_GBK16                       0x08000fe1   Thumb Code   364  gui.o(i.Gui_DrawFont_GBK16)
    Gui_DrawPoint                            0x08001155   Thumb Code    26  lcd_driver.o(i.Gui_DrawPoint)
    HardFault_Handler                        0x0800116f   Thumb Code     2  stm32f10x_it.o(i.HardFault_Handler)
    InitializeSystem                         0x08001171   Thumb Code    94  main.o(i.InitializeSystem)
    LCD_GPIO_Init                            0x080011d5   Thumb Code    70  lcd_driver.o(i.LCD_GPIO_Init)
    LCD_WriteData_16Bit                      0x08001225   Thumb Code    36  lcd_driver.o(i.LCD_WriteData_16Bit)
    Lcd_Clear                                0x08001251   Thumb Code    46  lcd_driver.o(i.Lcd_Clear)
    Lcd_Init                                 0x0800127f   Thumb Code   548  lcd_driver.o(i.Lcd_Init)
    Lcd_Reset                                0x080014a5   Thumb Code    30  lcd_driver.o(i.Lcd_Reset)
    Lcd_SetRegion                            0x080014c9   Thumb Code    88  lcd_driver.o(i.Lcd_SetRegion)
    Lcd_WriteData                            0x08001521   Thumb Code    26  lcd_driver.o(i.Lcd_WriteData)
    Lcd_WriteIndex                           0x08001545   Thumb Code    26  lcd_driver.o(i.Lcd_WriteIndex)
    M500PcdConfigISOType                     0x08001569   Thumb Code    88  rc522.o(i.M500PcdConfigISOType)
    MemManage_Handler                        0x080015c1   Thumb Code     2  stm32f10x_it.o(i.MemManage_Handler)
    NMI_Handler                              0x080015c3   Thumb Code     2  stm32f10x_it.o(i.NMI_Handler)
    PcdAntennaOff                            0x080015c5   Thumb Code     8  rc522.o(i.PcdAntennaOff)
    PcdAntennaOn                             0x080015cd   Thumb Code    26  rc522.o(i.PcdAntennaOn)
    PcdAnticoll                              0x080015e7   Thumb Code   106  rc522.o(i.PcdAnticoll)
    PcdAuthState                             0x08001651   Thumb Code    82  rc522.o(i.PcdAuthState)
    PcdComMF522                              0x080016a3   Thumb Code   278  rc522.o(i.PcdComMF522)
    PcdRead                                  0x080017b9   Thumb Code    74  rc522.o(i.PcdRead)
    PcdRequest                               0x08001803   Thumb Code    80  rc522.o(i.PcdRequest)
    PcdReset                                 0x08001855   Thumb Code   180  rc522.o(i.PcdReset)
    PcdSelect                                0x08001911   Thumb Code    98  rc522.o(i.PcdSelect)
    PendSV_Handler                           0x08001973   Thumb Code     2  stm32f10x_it.o(i.PendSV_Handler)
    RCC_APB2PeriphClockCmd                   0x08001975   Thumb Code    18  stm32f10x_rcc.o(i.RCC_APB2PeriphClockCmd)
    ReadRawRC                                0x0800198d   Thumb Code   146  rc522.o(i.ReadRawRC)
    SPI_WriteData                            0x08001a25   Thumb Code    40  lcd_driver.o(i.SPI_WriteData)
    SVC_Handler                              0x08001a51   Thumb Code     2  stm32f10x_it.o(i.SVC_Handler)
    SetBitMask                               0x08001a53   Thumb Code    24  rc522.o(i.SetBitMask)
    SysTick_Handler                          0x08001b15   Thumb Code     2  stm32f10x_it.o(i.SysTick_Handler)
    SystemInit                               0x08001b19   Thumb Code    64  system_stm32f10x.o(i.SystemInit)
    UsageFault_Handler                       0x08001b69   Thumb Code     2  stm32f10x_it.o(i.UsageFault_Handler)
    WaitCardOff                              0x08001b6b   Thumb Code    44  rc522.o(i.WaitCardOff)
    WriteRawRC                               0x08001b99   Thumb Code   152  rc522.o(i.WriteRawRC)
    delay_10ms                               0x08001c35   Thumb Code    28  rc522.o(i.delay_10ms)
    delay_init                               0x08001c51   Thumb Code    38  delay.o(i.delay_init)
    delay_ms                                 0x08001c7d   Thumb Code    36  delay.o(i.delay_ms)
    findcard                                 0x08001ca5   Thumb Code   216  main.o(i.findcard)
    fputc                                    0x08001d85   Thumb Code    26  fputc.o(i.fputc)
    initL                                    0x08001da1   Thumb Code    60  main.o(i.initL)
    main                                     0x08001df1   Thumb Code   194  main.o(i.main)
    asc16                                    0x08001ec8   Data        1521  gui.o(.constdata)
    sz32                                     0x080024b9   Data        1921  gui.o(.constdata)
    hz16                                     0x08002c3a   Data        1768  gui.o(.constdata)
    hz24                                     0x08003322   Data        1406  gui.o(.constdata)
    __stdin_name                             0x080038a0   Data           4  sys_io.o(.constdata)
    __stdout_name                            0x080038a4   Data           4  sys_io.o(.constdata)
    __stderr_name                            0x080038a8   Data           4  sys_io.o(.constdata)
    Region$$Table$$Base                      0x080038ac   Number         0  anon$$obj.o(Region$$Table)
    Region$$Table$$Limit                     0x080038cc   Number         0  anon$$obj.o(Region$$Table)
    snr                                      0x20000000   Data           1  main.o(.data)
    kahao                                    0x20000001   Data           1  main.o(.data)
    TagType                                  0x20000002   Data           2  main.o(.data)
    card2                                    0x20000004   Data           4  main.o(.data)
    card3                                    0x20000008   Data           4  main.o(.data)
    card4                                    0x2000000c   Data           4  main.o(.data)
    SelectedSnr                              0x20000010   Data           4  main.o(.data)
    i                                        0x20000014   Data           4  main.o(.data)
    j                                        0x20000018   Data           4  main.o(.data)
    card1                                    0x2000001c   Data           5  main.o(.data)
    DefaultKey                               0x20000021   Data           6  main.o(.data)
    __aeabi_stdin                            0x2000002c   Data           4  stdio_streams.o(.data)
    __aeabi_stdout                           0x20000030   Data           4  stdio_streams.o(.data)
    __aeabi_stderr                           0x20000034   Data           4  stdio_streams.o(.data)
    bufr                                     0x20000038   Data          16  main.o(.bss)
    __stdin                                  0x20000048   Data          84  stdio_streams.o(.bss)
    __stdout                                 0x2000009c   Data          84  stdio_streams.o(.bss)
    __stderr                                 0x200000f0   Data          84  stdio_streams.o(.bss)
    __libspace_start                         0x20000144   Data          96  libspace.o(.bss)
    __temporary_stack_top$libspace           0x200001a4   Data           0  libspace.o(.bss)



==============================================================================

Memory Map of the image

  Image Entry point : 0x080000ed

  Load Region LR_IROM1 (Base: 0x08000000, Size: 0x00003904, Max: 0x00010000, ABSOLUTE)

    Execution Region ER_IROM1 (Exec base: 0x08000000, Load base: 0x08000000, Size: 0x000038cc, Max: 0x00010000, ABSOLUTE)

    Exec Addr    Load Addr    Size         Type   Attr      Idx    E Section Name        Object

    0x08000000   0x08000000   0x000000ec   Data   RO         3530    RESET               startup_stm32f10x_md.o
    0x080000ec   0x080000ec   0x00000008   Code   RO         3569  * !!!main             c_w.l(__main.o)
    0x080000f4   0x080000f4   0x00000034   Code   RO         3920    !!!scatter          c_w.l(__scatter.o)
    0x08000128   0x08000128   0x0000001a   Code   RO         3922    !!handler_copy      c_w.l(__scatter_copy.o)
    0x08000142   0x08000142   0x00000002   PAD
    0x08000144   0x08000144   0x0000001c   Code   RO         3924    !!handler_zi        c_w.l(__scatter_zi.o)
    0x08000160   0x08000160   0x00000000   Code   RO         3566    .ARM.Collect$$_printf_percent$$00000000  c_w.l(_printf_percent.o)
    0x08000160   0x08000160   0x00000006   Code   RO         3565    .ARM.Collect$$_printf_percent$$00000014  c_w.l(_printf_s.o)
    0x08000166   0x08000166   0x00000004   Code   RO         3576    .ARM.Collect$$_printf_percent$$00000017  c_w.l(_printf_percent_end.o)
    0x0800016a   0x0800016a   0x00000002   Code   RO         3707    .ARM.Collect$$libinit$$00000000  c_w.l(libinit.o)
    0x0800016c   0x0800016c   0x00000000   Code   RO         3709    .ARM.Collect$$libinit$$00000002  c_w.l(libinit2.o)
    0x0800016c   0x0800016c   0x00000000   Code   RO         3711    .ARM.Collect$$libinit$$00000004  c_w.l(libinit2.o)
    0x0800016c   0x0800016c   0x00000008   Code   RO         3712    .ARM.Collect$$libinit$$00000005  c_w.l(libinit2.o)
    0x08000174   0x08000174   0x00000000   Code   RO         3714    .ARM.Collect$$libinit$$0000000A  c_w.l(libinit2.o)
    0x08000174   0x08000174   0x00000000   Code   RO         3716    .ARM.Collect$$libinit$$0000000C  c_w.l(libinit2.o)
    0x08000174   0x08000174   0x00000000   Code   RO         3718    .ARM.Collect$$libinit$$0000000E  c_w.l(libinit2.o)
    0x08000174   0x08000174   0x00000000   Code   RO         3721    .ARM.Collect$$libinit$$00000011  c_w.l(libinit2.o)
    0x08000174   0x08000174   0x00000000   Code   RO         3723    .ARM.Collect$$libinit$$00000013  c_w.l(libinit2.o)
    0x08000174   0x08000174   0x00000000   Code   RO         3725    .ARM.Collect$$libinit$$00000015  c_w.l(libinit2.o)
    0x08000174   0x08000174   0x00000000   Code   RO         3727    .ARM.Collect$$libinit$$00000017  c_w.l(libinit2.o)
    0x08000174   0x08000174   0x00000000   Code   RO         3729    .ARM.Collect$$libinit$$00000019  c_w.l(libinit2.o)
    0x08000174   0x08000174   0x00000000   Code   RO         3731    .ARM.Collect$$libinit$$0000001B  c_w.l(libinit2.o)
    0x08000174   0x08000174   0x00000000   Code   RO         3733    .ARM.Collect$$libinit$$0000001D  c_w.l(libinit2.o)
    0x08000174   0x08000174   0x00000000   Code   RO         3735    .ARM.Collect$$libinit$$0000001F  c_w.l(libinit2.o)
    0x08000174   0x08000174   0x00000000   Code   RO         3737    .ARM.Collect$$libinit$$00000021  c_w.l(libinit2.o)
    0x08000174   0x08000174   0x00000000   Code   RO         3739    .ARM.Collect$$libinit$$00000023  c_w.l(libinit2.o)
    0x08000174   0x08000174   0x00000004   Code   RO         3740    .ARM.Collect$$libinit$$00000024  c_w.l(libinit2.o)
    0x08000178   0x08000178   0x00000000   Code   RO         3741    .ARM.Collect$$libinit$$00000025  c_w.l(libinit2.o)
    0x08000178   0x08000178   0x00000000   Code   RO         3745    .ARM.Collect$$libinit$$0000002C  c_w.l(libinit2.o)
    0x08000178   0x08000178   0x00000000   Code   RO         3747    .ARM.Collect$$libinit$$0000002E  c_w.l(libinit2.o)
    0x08000178   0x08000178   0x00000000   Code   RO         3749    .ARM.Collect$$libinit$$00000030  c_w.l(libinit2.o)
    0x08000178   0x08000178   0x00000000   Code   RO         3751    .ARM.Collect$$libinit$$00000032  c_w.l(libinit2.o)
    0x08000178   0x08000178   0x00000002   Code   RO         3752    .ARM.Collect$$libinit$$00000033  c_w.l(libinit2.o)
    0x0800017a   0x0800017a   0x00000002   Code   RO         3899    .ARM.Collect$$libshutdown$$00000000  c_w.l(libshutdown.o)
    0x0800017c   0x0800017c   0x00000000   Code   RO         3754    .ARM.Collect$$libshutdown$$00000002  c_w.l(libshutdown2.o)
    0x0800017c   0x0800017c   0x00000004   Code   RO         3755    .ARM.Collect$$libshutdown$$00000003  c_w.l(libshutdown2.o)
    0x08000180   0x08000180   0x00000000   Code   RO         3756    .ARM.Collect$$libshutdown$$00000004  c_w.l(libshutdown2.o)
    0x08000180   0x08000180   0x00000000   Code   RO         3759    .ARM.Collect$$libshutdown$$00000007  c_w.l(libshutdown2.o)
    0x08000180   0x08000180   0x00000000   Code   RO         3762    .ARM.Collect$$libshutdown$$0000000A  c_w.l(libshutdown2.o)
    0x08000180   0x08000180   0x00000000   Code   RO         3764    .ARM.Collect$$libshutdown$$0000000C  c_w.l(libshutdown2.o)
    0x08000180   0x08000180   0x00000000   Code   RO         3767    .ARM.Collect$$libshutdown$$0000000F  c_w.l(libshutdown2.o)
    0x08000180   0x08000180   0x00000002   Code   RO         3768    .ARM.Collect$$libshutdown$$00000010  c_w.l(libshutdown2.o)
    0x08000182   0x08000182   0x00000000   Code   RO         3571    .ARM.Collect$$rtentry$$00000000  c_w.l(__rtentry.o)
    0x08000182   0x08000182   0x00000000   Code   RO         3584    .ARM.Collect$$rtentry$$00000002  c_w.l(__rtentry2.o)
    0x08000182   0x08000182   0x00000006   Code   RO         3596    .ARM.Collect$$rtentry$$00000004  c_w.l(__rtentry4.o)
    0x08000188   0x08000188   0x00000000   Code   RO         3586    .ARM.Collect$$rtentry$$00000009  c_w.l(__rtentry2.o)
    0x08000188   0x08000188   0x00000004   Code   RO         3587    .ARM.Collect$$rtentry$$0000000A  c_w.l(__rtentry2.o)
    0x0800018c   0x0800018c   0x00000000   Code   RO         3589    .ARM.Collect$$rtentry$$0000000C  c_w.l(__rtentry2.o)
    0x0800018c   0x0800018c   0x00000008   Code   RO         3590    .ARM.Collect$$rtentry$$0000000D  c_w.l(__rtentry2.o)
    0x08000194   0x08000194   0x00000002   Code   RO         3777    .ARM.Collect$$rtexit$$00000000  c_w.l(rtexit.o)
    0x08000196   0x08000196   0x00000000   Code   RO         3835    .ARM.Collect$$rtexit$$00000002  c_w.l(rtexit2.o)
    0x08000196   0x08000196   0x00000004   Code   RO         3836    .ARM.Collect$$rtexit$$00000003  c_w.l(rtexit2.o)
    0x0800019a   0x0800019a   0x00000006   Code   RO         3837    .ARM.Collect$$rtexit$$00000004  c_w.l(rtexit2.o)
    0x080001a0   0x080001a0   0x00000000   Code   RO         3841    .emb_text           c_w.l(maybetermalloc1.o)
    0x080001a0   0x080001a0   0x00000040   Code   RO         3531    .text               startup_stm32f10x_md.o
    0x080001e0   0x080001e0   0x00000018   Code   RO         3539    .text               c_w.l(noretval__2printf.o)
    0x080001f8   0x080001f8   0x00000068   Code   RO         3541    .text               c_w.l(__printf.o)
    0x08000260   0x08000260   0x00000052   Code   RO         3543    .text               c_w.l(_printf_str.o)
    0x080002b2   0x080002b2   0x00000006   Code   RO         3567    .text               c_w.l(heapauxi.o)
    0x080002b8   0x080002b8   0x0000002c   Code   RO         3572    .text               c_w.l(_printf_char.o)
    0x080002e4   0x080002e4   0x00000024   Code   RO         3574    .text               c_w.l(_printf_char_file.o)
    0x08000308   0x08000308   0x00000030   Code   RO         3598    .text               c_w.l(_printf_char_common.o)
    0x08000338   0x08000338   0x00000008   Code   RO         3600    .text               c_w.l(ferror.o)
    0x08000340   0x08000340   0x00000138   Code   RO         3606    .text               c_w.l(initio.o)
    0x08000478   0x08000478   0x00000066   Code   RO         3614    .text               c_w.l(sys_io.o)
    0x080004de   0x080004de   0x0000004a   Code   RO         3621    .text               c_w.l(sys_stackheap_outer.o)
    0x08000528   0x08000528   0x0000004e   Code   RO         3625    .text               c_w.l(h1_free.o)
    0x08000576   0x08000576   0x000001d6   Code   RO         3681    .text               c_w.l(flsbuf.o)
    0x0800074c   0x0800074c   0x00000046   Code   RO         3683    .text               c_w.l(setvbuf.o)
    0x08000792   0x08000792   0x00000002   PAD
    0x08000794   0x08000794   0x000000ec   Code   RO         3686    .text               c_w.l(fopen.o)
    0x08000880   0x08000880   0x0000004c   Code   RO         3688    .text               c_w.l(fclose.o)
    0x080008cc   0x080008cc   0x00000012   Code   RO         3694    .text               c_w.l(exit.o)
    0x080008de   0x080008de   0x0000000e   Code   RO         3696    .text               c_w.l(defsig_rtred_outer.o)
    0x080008ec   0x080008ec   0x0000004e   Code   RO         3700    .text               c_w.l(rt_memclr_w.o)
    0x0800093a   0x0800093a   0x00000002   PAD
    0x0800093c   0x0800093c   0x00000008   Code   RO         3771    .text               c_w.l(libspace.o)
    0x08000944   0x08000944   0x00000002   Code   RO         3774    .text               c_w.l(use_no_semi.o)
    0x08000946   0x08000946   0x00000000   Code   RO         3776    .text               c_w.l(indicate_semi.o)
    0x08000946   0x08000946   0x00000002   PAD
    0x08000948   0x08000948   0x00000008   Code   RO         3784    .text               c_w.l(rt_heap_descriptor_intlibspace.o)
    0x08000950   0x08000950   0x00000004   Code   RO         3786    .text               c_w.l(hguard.o)
    0x08000954   0x08000954   0x0000008a   Code   RO         3788    .text               c_w.l(init_alloc.o)
    0x080009de   0x080009de   0x0000005e   Code   RO         3794    .text               c_w.l(h1_alloc.o)
    0x08000a3c   0x08000a3c   0x000000f8   Code   RO         3810    .text               c_w.l(fseek.o)
    0x08000b34   0x08000b34   0x000000f0   Code   RO         3812    .text               c_w.l(stdio.o)
    0x08000c24   0x08000c24   0x0000000a   Code   RO         3818    .text               c_w.l(defsig_exit.o)
    0x08000c2e   0x08000c2e   0x00000002   PAD
    0x08000c30   0x08000c30   0x00000034   Code   RO         3820    .text               c_w.l(defsig_rtred_inner.o)
    0x08000c64   0x08000c64   0x0000003e   Code   RO         3824    .text               c_w.l(strlen.o)
    0x08000ca2   0x08000ca2   0x00000002   PAD
    0x08000ca4   0x08000ca4   0x0000000c   Code   RO         3832    .text               c_w.l(sys_exit.o)
    0x08000cb0   0x08000cb0   0x0000000e   Code   RO         3843    .text               c_w.l(h1_init.o)
    0x08000cbe   0x08000cbe   0x00000034   Code   RO         3845    .text               c_w.l(h1_extend.o)
    0x08000cf2   0x08000cf2   0x00000042   Code   RO         3855    .text               c_w.l(ftell.o)
    0x08000d34   0x08000d34   0x00000032   Code   RO         3863    .text               c_w.l(defsig_general.o)
    0x08000d66   0x08000d66   0x0000000e   Code   RO         3865    .text               c_w.l(defsig_rtmem_outer.o)
    0x08000d74   0x08000d74   0x0000000e   Code   RO         3880    .text               c_w.l(sys_wrch.o)
    0x08000d82   0x08000d82   0x00000002   PAD
    0x08000d84   0x08000d84   0x00000008   Code   RO         3887    .text               c_w.l(rt_errno_addr_intlibspace.o)
    0x08000d8c   0x08000d8c   0x00000050   Code   RO         3893    .text               c_w.l(defsig_rtmem_inner.o)
    0x08000ddc   0x08000ddc   0x00000002   Code   RO          156    i.BusFault_Handler  stm32f10x_it.o
    0x08000dde   0x08000dde   0x00000066   Code   RO          400    i.CalulateCRC       rc522.o
    0x08000e44   0x08000e44   0x00000018   Code   RO          401    i.ClearBitMask      rc522.o
    0x08000e5c   0x08000e5c   0x00000002   Code   RO          157    i.DebugMon_Handler  stm32f10x_it.o
    0x08000e5e   0x08000e5e   0x00000002   PAD
    0x08000e60   0x08000e60   0x000000a2   Code   RO         1669    i.GPIO_Init         stm32f10x_gpio.o
    0x08000f02   0x08000f02   0x0000000e   Code   RO         1673    i.GPIO_ReadInputDataBit  stm32f10x_gpio.o
    0x08000f10   0x08000f10   0x00000004   Code   RO         1676    i.GPIO_ResetBits    stm32f10x_gpio.o
    0x08000f14   0x08000f14   0x00000004   Code   RO         1677    i.GPIO_SetBits      stm32f10x_gpio.o
    0x08000f18   0x08000f18   0x000000c8   Code   RO            1    i.GPIO_ini          main.o
    0x08000fe0   0x08000fe0   0x00000174   Code   RO          248    i.Gui_DrawFont_GBK16  gui.o
    0x08001154   0x08001154   0x0000001a   Code   RO          317    i.Gui_DrawPoint     lcd_driver.o
    0x0800116e   0x0800116e   0x00000002   Code   RO          158    i.HardFault_Handler  stm32f10x_it.o
    0x08001170   0x08001170   0x00000064   Code   RO            2    i.InitializeSystem  main.o
    0x080011d4   0x080011d4   0x00000050   Code   RO          318    i.LCD_GPIO_Init     lcd_driver.o
    0x08001224   0x08001224   0x0000002c   Code   RO          319    i.LCD_WriteData_16Bit  lcd_driver.o
    0x08001250   0x08001250   0x0000002e   Code   RO          320    i.Lcd_Clear         lcd_driver.o
    0x0800127e   0x0800127e   0x00000224   Code   RO          321    i.Lcd_Init          lcd_driver.o
    0x080014a2   0x080014a2   0x00000002   PAD
    0x080014a4   0x080014a4   0x00000024   Code   RO          323    i.Lcd_Reset         lcd_driver.o
    0x080014c8   0x080014c8   0x00000058   Code   RO          324    i.Lcd_SetRegion     lcd_driver.o
    0x08001520   0x08001520   0x00000024   Code   RO          326    i.Lcd_WriteData     lcd_driver.o
    0x08001544   0x08001544   0x00000024   Code   RO          327    i.Lcd_WriteIndex    lcd_driver.o
    0x08001568   0x08001568   0x00000058   Code   RO          402    i.M500PcdConfigISOType  rc522.o
    0x080015c0   0x080015c0   0x00000002   Code   RO          159    i.MemManage_Handler  stm32f10x_it.o
    0x080015c2   0x080015c2   0x00000002   Code   RO          160    i.NMI_Handler       stm32f10x_it.o
    0x080015c4   0x080015c4   0x00000008   Code   RO          403    i.PcdAntennaOff     rc522.o
    0x080015cc   0x080015cc   0x0000001a   Code   RO          404    i.PcdAntennaOn      rc522.o
    0x080015e6   0x080015e6   0x0000006a   Code   RO          405    i.PcdAnticoll       rc522.o
    0x08001650   0x08001650   0x00000052   Code   RO          406    i.PcdAuthState      rc522.o
    0x080016a2   0x080016a2   0x00000116   Code   RO          407    i.PcdComMF522       rc522.o
    0x080017b8   0x080017b8   0x0000004a   Code   RO          409    i.PcdRead           rc522.o
    0x08001802   0x08001802   0x00000050   Code   RO          410    i.PcdRequest        rc522.o
    0x08001852   0x08001852   0x00000002   PAD
    0x08001854   0x08001854   0x000000bc   Code   RO          411    i.PcdReset          rc522.o
    0x08001910   0x08001910   0x00000062   Code   RO          412    i.PcdSelect         rc522.o
    0x08001972   0x08001972   0x00000002   Code   RO          161    i.PendSV_Handler    stm32f10x_it.o
    0x08001974   0x08001974   0x00000018   Code   RO         2087    i.RCC_APB2PeriphClockCmd  stm32f10x_rcc.o
    0x0800198c   0x0800198c   0x00000098   Code   RO          414    i.ReadRawRC         rc522.o
    0x08001a24   0x08001a24   0x0000002c   Code   RO          329    i.SPI_WriteData     lcd_driver.o
    0x08001a50   0x08001a50   0x00000002   Code   RO          162    i.SVC_Handler       stm32f10x_it.o
    0x08001a52   0x08001a52   0x00000018   Code   RO          415    i.SetBitMask        rc522.o
    0x08001a6a   0x08001a6a   0x00000002   PAD
    0x08001a6c   0x08001a6c   0x000000a8   Code   RO         3469    i.SetSysClockTo72   system_stm32f10x.o
    0x08001b14   0x08001b14   0x00000002   Code   RO          163    i.SysTick_Handler   stm32f10x_it.o
    0x08001b16   0x08001b16   0x00000002   PAD
    0x08001b18   0x08001b18   0x00000050   Code   RO         3471    i.SystemInit        system_stm32f10x.o
    0x08001b68   0x08001b68   0x00000002   Code   RO          164    i.UsageFault_Handler  stm32f10x_it.o
    0x08001b6a   0x08001b6a   0x0000002c   Code   RO          416    i.WaitCardOff       rc522.o
    0x08001b96   0x08001b96   0x00000002   PAD
    0x08001b98   0x08001b98   0x0000009c   Code   RO          417    i.WriteRawRC        rc522.o
    0x08001c34   0x08001c34   0x0000001c   Code   RO          418    i.delay_10ms        rc522.o
    0x08001c50   0x08001c50   0x0000002c   Code   RO          219    i.delay_init        delay.o
    0x08001c7c   0x08001c7c   0x00000028   Code   RO          220    i.delay_ms          delay.o
    0x08001ca4   0x08001ca4   0x000000e0   Code   RO            3    i.findcard          main.o
    0x08001d84   0x08001d84   0x0000001a   Code   RO         3603    i.fputc             c_w.l(fputc.o)
    0x08001d9e   0x08001d9e   0x00000002   PAD
    0x08001da0   0x08001da0   0x00000050   Code   RO            4    i.initL             main.o
    0x08001df0   0x08001df0   0x000000d8   Code   RO            5    i.main              main.o
    0x08001ec8   0x08001ec8   0x000019d8   Data   RO          255    .constdata          gui.o
    0x080038a0   0x080038a0   0x00000004   Data   RO         3615    .constdata          c_w.l(sys_io.o)
    0x080038a4   0x080038a4   0x00000004   Data   RO         3616    .constdata          c_w.l(sys_io.o)
    0x080038a8   0x080038a8   0x00000004   Data   RO         3617    .constdata          c_w.l(sys_io.o)
    0x080038ac   0x080038ac   0x00000020   Data   RO         3918    Region$$Table       anon$$obj.o


    Execution Region RW_IRAM1 (Exec base: 0x20000000, Load base: 0x080038cc, Size: 0x000007a8, Max: 0x00005000, ABSOLUTE)

    Exec Addr    Load Addr    Size         Type   Attr      Idx    E Section Name        Object

    0x20000000   0x080038cc   0x00000027   Data   RW           11    .data               main.o
    0x20000027   0x080038f3   0x00000001   PAD
    0x20000028   0x080038f4   0x00000004   Data   RW          222    .data               delay.o
    0x2000002c   0x080038f8   0x00000004   Data   RW         3580    .data               c_w.l(stdio_streams.o)
    0x20000030   0x080038fc   0x00000004   Data   RW         3581    .data               c_w.l(stdio_streams.o)
    0x20000034   0x08003900   0x00000004   Data   RW         3582    .data               c_w.l(stdio_streams.o)
    0x20000038        -       0x00000010   Zero   RW            6    .bss                main.o
    0x20000048        -       0x00000054   Zero   RW         3577    .bss                c_w.l(stdio_streams.o)
    0x2000009c        -       0x00000054   Zero   RW         3578    .bss                c_w.l(stdio_streams.o)
    0x200000f0        -       0x00000054   Zero   RW         3579    .bss                c_w.l(stdio_streams.o)
    0x20000144        -       0x00000060   Zero   RW         3772    .bss                c_w.l(libspace.o)
    0x200001a4   0x08003904   0x00000004   PAD
    0x200001a8        -       0x00000200   Zero   RW         3529    HEAP                startup_stm32f10x_md.o
    0x200003a8        -       0x00000400   Zero   RW         3528    STACK               startup_stm32f10x_md.o


==============================================================================

Image component sizes


      Code (inc. data)   RO Data    RW Data    ZI Data      Debug   Object Name

         0          0          0          0          0         32   core_cm3.o
        84         10          0          4          0       1124   delay.o
       372          8       6616          0          0       2516   gui.o
       984         48          0          0          0       6198   lcd_driver.o
       820         64          0         39         16     218988   main.o
      1558         18          0          0          0      11955   rc522.o
        64         26        236          0       1536        812   startup_stm32f10x_md.o
       184          0          0          0          0       3532   stm32f10x_gpio.o
        18          0          0          0          0       3714   stm32f10x_it.o
        24          6          0          0          0        553   stm32f10x_rcc.o
       248         24          0          0          0       1613   system_stm32f10x.o

    ----------------------------------------------------------------------
      4368        204       6884         44       1552     251037   Object Totals
         0          0         32          0          0          0   (incl. Generated)
        12          0          0          1          0          0   (incl. Padding)

    ----------------------------------------------------------------------

      Code (inc. data)   RO Data    RW Data    ZI Data      Debug   Library Member Name

         8          0          0          0          0         68   __main.o
       104          0          0          0          0         84   __printf.o
         0          0          0          0          0          0   __rtentry.o
        12          0          0          0          0          0   __rtentry2.o
         6          0          0          0          0          0   __rtentry4.o
        52          8          0          0          0          0   __scatter.o
        26          0          0          0          0          0   __scatter_copy.o
        28          0          0          0          0          0   __scatter_zi.o
        44          0          0          0          0        108   _printf_char.o
        48          6          0          0          0         96   _printf_char_common.o
        36          4          0          0          0         80   _printf_char_file.o
         0          0          0          0          0          0   _printf_percent.o
         4          0          0          0          0          0   _printf_percent_end.o
         6          0          0          0          0          0   _printf_s.o
        82          0          0          0          0         80   _printf_str.o
        10          0          0          0          0         68   defsig_exit.o
        50          0          0          0          0         88   defsig_general.o
        80         58          0          0          0         76   defsig_rtmem_inner.o
        14          0          0          0          0         80   defsig_rtmem_outer.o
        52         38          0          0          0         76   defsig_rtred_inner.o
        14          0          0          0          0         80   defsig_rtred_outer.o
        18          0          0          0          0         80   exit.o
        76          0          0          0          0         88   fclose.o
         8          0          0          0          0         68   ferror.o
       470          0          0          0          0         88   flsbuf.o
       236          4          0          0          0        128   fopen.o
        26          0          0          0          0         68   fputc.o
       248          6          0          0          0         84   fseek.o
        66          0          0          0          0         76   ftell.o
        94          0          0          0          0         80   h1_alloc.o
        52          0          0          0          0         68   h1_extend.o
        78          0          0          0          0         80   h1_free.o
        14          0          0          0          0         84   h1_init.o
         6          0          0          0          0        152   heapauxi.o
         4          0          0          0          0        136   hguard.o
         0          0          0          0          0          0   indicate_semi.o
       138          0          0          0          0        168   init_alloc.o
       312         46          0          0          0        112   initio.o
         2          0          0          0          0          0   libinit.o
        14          0          0          0          0          0   libinit2.o
         2          0          0          0          0          0   libshutdown.o
         6          0          0          0          0          0   libshutdown2.o
         8          4          0          0         96         68   libspace.o
         0          0          0          0          0          0   maybetermalloc1.o
        24          4          0          0          0         84   noretval__2printf.o
         8          4          0          0          0         68   rt_errno_addr_intlibspace.o
         8          4          0          0          0         68   rt_heap_descriptor_intlibspace.o
        78          0          0          0          0         80   rt_memclr_w.o
         2          0          0          0          0          0   rtexit.o
        10          0          0          0          0          0   rtexit2.o
        70          0          0          0          0         80   setvbuf.o
       240          6          0          0          0        156   stdio.o
         0          0          0         12        252          0   stdio_streams.o
        62          0          0          0          0         76   strlen.o
        12          4          0          0          0         68   sys_exit.o
       102          0         12          0          0        240   sys_io.o
        74          0          0          0          0         80   sys_stackheap_outer.o
        14          0          0          0          0         76   sys_wrch.o
         2          0          0          0          0         68   use_no_semi.o

    ----------------------------------------------------------------------
      3276        196         12         12        352       3756   Library Totals
        16          0          0          0          4          0   (incl. Padding)

    ----------------------------------------------------------------------

      Code (inc. data)   RO Data    RW Data    ZI Data      Debug   Library Name

      3260        196         12         12        348       3756   c_w.l

    ----------------------------------------------------------------------
      3276        196         12         12        352       3756   Library Totals

    ----------------------------------------------------------------------

==============================================================================


      Code (inc. data)   RO Data    RW Data    ZI Data      Debug   

      7644        400       6896         56       1904     250369   Grand Totals
      7644        400       6896         56       1904     250369   ELF Image Totals
      7644        400       6896         56          0          0   ROM Totals

==============================================================================

    Total RO  Size (Code + RO Data)                14540 (  14.20kB)
    Total RW  Size (RW Data + ZI Data)              1960 (   1.91kB)
    Total ROM Size (Code + RO Data + RW Data)      14596 (  14.25kB)

==============================================================================

